Component: ARM Compiler 5.06 update 7 (build 960) Tool: armlink [4d3601]

==============================================================================

Section Cross References

    startup_stm32f103xb.o(STACK) refers (Special) to heapauxi.o(.text) for __use_two_region_memory
    startup_stm32f103xb.o(HEAP) refers (Special) to heapauxi.o(.text) for __use_two_region_memory
    startup_stm32f103xb.o(RESET) refers (Special) to heapauxi.o(.text) for __use_two_region_memory
    startup_stm32f103xb.o(RESET) refers to startup_stm32f103xb.o(STACK) for __initial_sp
    startup_stm32f103xb.o(RESET) refers to startup_stm32f103xb.o(.text) for Reset_Handler
    startup_stm32f103xb.o(RESET) refers to stm32f1xx_it.o(i.NMI_Handler) for NMI_Handler
    startup_stm32f103xb.o(RESET) refers to stm32f1xx_it.o(i.HardFault_Handler) for HardFault_Handler
    startup_stm32f103xb.o(RESET) refers to stm32f1xx_it.o(i.MemManage_Handler) for MemManage_Handler
    startup_stm32f103xb.o(RESET) refers to stm32f1xx_it.o(i.BusFault_Handler) for BusFault_Handler
    startup_stm32f103xb.o(RESET) refers to stm32f1xx_it.o(i.UsageFault_Handler) for UsageFault_Handler
    startup_stm32f103xb.o(RESET) refers to stm32f1xx_it.o(i.SVC_Handler) for SVC_Handler
    startup_stm32f103xb.o(RESET) refers to stm32f1xx_it.o(i.DebugMon_Handler) for DebugMon_Handler
    startup_stm32f103xb.o(RESET) refers to stm32f1xx_it.o(i.PendSV_Handler) for PendSV_Handler
    startup_stm32f103xb.o(RESET) refers to stm32f1xx_it.o(i.SysTick_Handler) for SysTick_Handler
    startup_stm32f103xb.o(RESET) refers to stm32f1xx_it.o(i.TIM3_IRQHandler) for TIM3_IRQHandler
    startup_stm32f103xb.o(RESET) refers to stm32f1xx_it.o(i.USART2_IRQHandler) for USART2_IRQHandler
    startup_stm32f103xb.o(.text) refers (Special) to heapauxi.o(.text) for __use_two_region_memory
    startup_stm32f103xb.o(.text) refers to system_stm32f1xx.o(i.SystemInit) for SystemInit
    startup_stm32f103xb.o(.text) refers to __main.o(!!!main) for __main
    startup_stm32f103xb.o(.text) refers to startup_stm32f103xb.o(HEAP) for Heap_Mem
    startup_stm32f103xb.o(.text) refers to startup_stm32f103xb.o(STACK) for Stack_Mem
    iic.o(i.IIC_Ack) refers to stm32f1xx_hal_gpio.o(i.HAL_GPIO_WritePin) for HAL_GPIO_WritePin
    iic.o(i.IIC_Ack) refers to iic.o(i.IIC_Delay) for IIC_Delay
    iic.o(i.IIC_CheckDevice) refers to iic.o(i.IIC_GPIO_Init) for IIC_GPIO_Init
    iic.o(i.IIC_CheckDevice) refers to iic.o(i.IIC_Start) for IIC_Start
    iic.o(i.IIC_CheckDevice) refers to iic.o(i.IIC_Send_Byte) for IIC_Send_Byte
    iic.o(i.IIC_CheckDevice) refers to iic.o(i.IIC_Wait_Ack) for IIC_Wait_Ack
    iic.o(i.IIC_CheckDevice) refers to iic.o(i.IIC_Stop) for IIC_Stop
    iic.o(i.IIC_GPIO_Init) refers to stm32f1xx_hal_gpio.o(i.HAL_GPIO_Init) for HAL_GPIO_Init
    iic.o(i.IIC_GPIO_Init) refers to iic.o(i.IIC_Stop) for IIC_Stop
    iic.o(i.IIC_NAck) refers to stm32f1xx_hal_gpio.o(i.HAL_GPIO_WritePin) for HAL_GPIO_WritePin
    iic.o(i.IIC_NAck) refers to iic.o(i.IIC_Delay) for IIC_Delay
    iic.o(i.IIC_Read_Byte) refers to stm32f1xx_hal_gpio.o(i.HAL_GPIO_WritePin) for HAL_GPIO_WritePin
    iic.o(i.IIC_Read_Byte) refers to iic.o(i.IIC_Delay) for IIC_Delay
    iic.o(i.IIC_Read_Byte) refers to stm32f1xx_hal_gpio.o(i.HAL_GPIO_ReadPin) for HAL_GPIO_ReadPin
    iic.o(i.IIC_Read_Byte) refers to iic.o(i.IIC_Ack) for IIC_Ack
    iic.o(i.IIC_Read_Byte) refers to iic.o(i.IIC_NAck) for IIC_NAck
    iic.o(i.IIC_Send_Byte) refers to stm32f1xx_hal_gpio.o(i.HAL_GPIO_WritePin) for HAL_GPIO_WritePin
    iic.o(i.IIC_Send_Byte) refers to iic.o(i.IIC_Delay) for IIC_Delay
    iic.o(i.IIC_Start) refers to stm32f1xx_hal_gpio.o(i.HAL_GPIO_WritePin) for HAL_GPIO_WritePin
    iic.o(i.IIC_Start) refers to iic.o(i.IIC_Delay) for IIC_Delay
    iic.o(i.IIC_Stop) refers to stm32f1xx_hal_gpio.o(i.HAL_GPIO_WritePin) for HAL_GPIO_WritePin
    iic.o(i.IIC_Stop) refers to iic.o(i.IIC_Delay) for IIC_Delay
    iic.o(i.IIC_Wait_Ack) refers to stm32f1xx_hal_gpio.o(i.HAL_GPIO_WritePin) for HAL_GPIO_WritePin
    iic.o(i.IIC_Wait_Ack) refers to iic.o(i.IIC_Delay) for IIC_Delay
    iic.o(i.IIC_Wait_Ack) refers to stm32f1xx_hal_gpio.o(i.HAL_GPIO_ReadPin) for HAL_GPIO_ReadPin
    inv_mpu.o(i.accel_self_test) refers to inv_mpu.o(i.get_accel_prod_shift) for get_accel_prod_shift
    inv_mpu.o(i.accel_self_test) refers to fflt_clz.o(x$fpl$fflt) for __aeabi_i2f
    inv_mpu.o(i.accel_self_test) refers to scalbnf.o(x$fpl$scalbnf) for __ARM_scalbnf
    inv_mpu.o(i.accel_self_test) refers to fdiv.o(x$fpl$fdiv) for __aeabi_fdiv
    inv_mpu.o(i.accel_self_test) refers to faddsub_clz.o(x$fpl$fsub) for __aeabi_fsub
    inv_mpu.o(i.get_accel_prod_shift) refers to mpu6050.o(i.MPU_Read_Len) for MPU_Read_Len
    inv_mpu.o(i.get_accel_prod_shift) refers to fmul.o(x$fpl$fmul) for __aeabi_fmul
    inv_mpu.o(i.get_accel_prod_shift) refers to inv_mpu.o(.data) for .data
    inv_mpu.o(i.get_st_biases) refers to mpu6050.o(i.MPU_Write_Len) for MPU_Write_Len
[...]
    __ARM_use_no_argv                        0x00000000   Number         0  main.o ABSOLUTE
    __ARM_exceptions_init                     - Undefined Weak Reference
    __alloca_initialize                       - Undefined Weak Reference
    __arm_fini_                               - Undefined Weak Reference
    __arm_preinit_                            - Undefined Weak Reference
    __cpp_initialize__aeabi_                  - Undefined Weak Reference
    __cxa_finalize                            - Undefined Weak Reference
    __rt_locale                               - Undefined Weak Reference
    __sigvec_lookup                           - Undefined Weak Reference
    _atexit_init                              - Undefined Weak Reference
    _call_atexit_fns                          - Undefined Weak Reference
    _clock_init                               - Undefined Weak Reference
    _fp_trap_init                             - Undefined Weak Reference
    _fp_trap_shutdown                         - Undefined Weak Reference
    _get_lc_collate                           - Undefined Weak Reference
    _get_lc_ctype                             - Undefined Weak Reference
    _get_lc_monetary                          - Undefined Weak Reference
    _get_lc_numeric                           - Undefined Weak Reference
    _get_lc_time                              - Undefined Weak Reference
    _getenv_init                              - Undefined Weak Reference
    _handle_redirection                       - Undefined Weak Reference
    _init_alloc                               - Undefined Weak Reference
    _init_user_alloc                          - Undefined Weak Reference
    _initio                                   - Undefined Weak Reference
    _printf_post_padding                      - Undefined Weak Reference
    _printf_pre_padding                       - Undefined Weak Reference
    _printf_truncate_signed                   - Undefined Weak Reference
    _printf_truncate_unsigned                 - Undefined Weak Reference
    _rand_init                                - Undefined Weak Reference
    _signal_finish                            - Undefined Weak Reference
    _signal_init                              - Undefined Weak Reference
    _terminate_alloc                          - Undefined Weak Reference
    _terminate_user_alloc                     - Undefined Weak Reference
    _terminateio                              - Undefined Weak Reference
    __Vectors_Size                           0x000000ec   Number         0  startup_stm32f103xb.o ABSOLUTE
    __Vectors                                0x08000000   Data           4  startup_stm32f103xb.o(RESET)
    __Vectors_End                            0x080000ec   Data           0  startup_stm32f103xb.o(RESET)
    __main                                   0x080000ed   Thumb Code     8  __main.o(!!!main)
    __scatterload                            0x080000f5   Thumb Code     0  __scatter.o(!!!scatter)
    __scatterload_rt2                        0x080000f5   Thumb Code    44  __scatter.o(!!!scatter)
    __scatterload_rt2_thumb_only             0x080000f5   Thumb Code     0  __scatter.o(!!!scatter)
    __scatterload_null                       0x08000103   Thumb Code     0  __scatter.o(!!!scatter)
    __scatterload_copy                       0x08000129   Thumb Code    26  __scatter_copy.o(!!handler_copy)
    __scatterload_zeroinit                   0x08000145   Thumb Code    28  __scatter_zi.o(!!handler_zi)
    _printf_d                                0x08000161   Thumb Code     0  _printf_d.o(.ARM.Collect$$_printf_percent$$00000009)
    _printf_percent                          0x08000161   Thumb Code     0  _printf_percent.o(.ARM.Collect$$_printf_percent$$00000000)
    _printf_percent_end                      0x08000167   Thumb Code     0  _printf_percent_end.o(.ARM.Collect$$_printf_percent$$00000017)
    __rt_lib_init                            0x0800016b   Thumb Code     0  libinit.o(.ARM.Collect$$libinit$$00000000)
    __rt_lib_init_alloca_1                   0x0800016d   Thumb Code     0  libinit2.o(.ARM.Collect$$libinit$$0000002E)
    __rt_lib_init_argv_1                     0x0800016d   Thumb Code     0  libinit2.o(.ARM.Collect$$libinit$$0000002C)
    __rt_lib_init_atexit_1                   0x0800016d   Thumb Code     0  libinit2.o(.ARM.Collect$$libinit$$0000001B)
    __rt_lib_init_clock_1                    0x0800016d   Thumb Code     0  libinit2.o(.ARM.Collect$$libinit$$00000021)
    __rt_lib_init_cpp_1                      0x0800016d   Thumb Code     0  libinit2.o(.ARM.Collect$$libinit$$00000032)
    __rt_lib_init_exceptions_1               0x0800016d   Thumb Code     0  libinit2.o(.ARM.Collect$$libinit$$00000030)
    __rt_lib_init_fp_1                       0x0800016d   Thumb Code     0  libinit2.o(.ARM.Collect$$libinit$$00000002)
    __rt_lib_init_fp_trap_1                  0x0800016d   Thumb Code     0  libinit2.o(.ARM.Collect$$libinit$$0000001F)
    __rt_lib_init_getenv_1                   0x0800016d   Thumb Code     0  libinit2.o(.ARM.Collect$$libinit$$00000023)
    __rt_lib_init_heap_1                     0x0800016d   Thumb Code     0  libinit2.o(.ARM.Collect$$libinit$$0000000A)
    __rt_lib_init_lc_collate_1               0x0800016d   Thumb Code     0  libinit2.o(.ARM.Collect$$libinit$$00000011)
    __rt_lib_init_lc_ctype_1                 0x0800016d   Thumb Code     0  libinit2.o(.ARM.Collect$$libinit$$00000013)
    __rt_lib_init_lc_monetary_1              0x0800016d   Thumb Code     0  libinit2.o(.ARM.Collect$$libinit$$00000015)
    __rt_lib_init_lc_numeric_1               0x0800016d   Thumb Code     0  libinit2.o(.ARM.Collect$$libinit$$00000017)
    __rt_lib_init_lc_time_1                  0x0800016d   Thumb Code     0  libinit2.o(.ARM.Collect$$libinit$$00000019)
    __rt_lib_init_preinit_1                  0x0800016d   Thumb Code     0  libinit2.o(.ARM.Collect$$libinit$$00000004)
    __rt_lib_init_rand_1                     0x0800016d   Thumb Code     0  libinit2.o(.ARM.Collect$$libinit$$0000000E)
    __rt_lib_init_return                     0x0800016d   Thumb Code     0  libinit2.o(.ARM.Collect$$libinit$$00000033)
    __rt_lib_init_signal_1                   0x0800016d   Thumb Code     0  libinit2.o(.ARM.Collect$$libinit$$0000001D)
    __rt_lib_init_stdio_1                    0x0800016d   Thumb Code     0  libinit2.o(.ARM.Collect$$libinit$$00000025)
    __rt_lib_init_user_alloc_1               0x0800016d   Thumb Code     0  libinit2.o(.ARM.Collect$$libinit$$0000000C)
    __rt_lib_shutdown                        0x0800016f   Thumb Code     0  libshutdown.o(.ARM.Collect$$libshutdown$$00000000)
    __rt_lib_shutdown_cpp_1                  0x08000171   Thumb Code     0  libshutdown2.o(.ARM.Collect$$libshutdown$$00000004)
    __rt_lib_shutdown_fini_1                 0x08000171   Thumb Code     0  libshutdown2.o(.ARM.Collect$$libshutdown$$00000002)
    __rt_lib_shutdown_fp_trap_1              0x08000171   Thumb Code     0  libshutdown2.o(.ARM.Collect$$libshutdown$$00000009)
    __rt_lib_shutdown_heap_1                 0x08000171   Thumb Code     0  libshutdown2.o(.ARM.Collect$$libshutdown$$00000011)
    __rt_lib_shutdown_return                 0x08000171   Thumb Code     0  libshutdown2.o(.ARM.Collect$$libshutdown$$00000012)
    __rt_lib_shutdown_signal_1               0x08000171   Thumb Code     0  libshutdown2.o(.ARM.Collect$$libshutdown$$0000000C)
    __rt_lib_shutdown_stdio_1                0x08000171   Thumb Code     0  libshutdown2.o(.ARM.Collect$$libshutdown$$00000006)
    __rt_lib_shutdown_user_alloc_1           0x08000171   Thumb Code     0  libshutdown2.o(.ARM.Collect$$libshutdown$$0000000E)
    __rt_entry                               0x08000173   Thumb Code     0  __rtentry.o(.ARM.Collect$$rtentry$$00000000)
    __rt_entry_presh_1                       0x08000173   Thumb Code     0  __rtentry2.o(.ARM.Collect$$rtentry$$00000002)
    __rt_entry_sh                            0x08000173   Thumb Code     0  __rtentry4.o(.ARM.Collect$$rtentry$$00000004)
    __rt_entry_li                            0x08000179   Thumb Code     0  __rtentry2.o(.ARM.Collect$$rtentry$$0000000A)
    __rt_entry_postsh_1                      0x08000179   Thumb Code     0  __rtentry2.o(.ARM.Collect$$rtentry$$00000009)
    __rt_entry_main                          0x0800017d   Thumb Code     0  __rtentry2.o(.ARM.Collect$$rtentry$$0000000D)
    __rt_entry_postli_1                      0x0800017d   Thumb Code     0  __rtentry2.o(.ARM.Collect$$rtentry$$0000000C)
    __rt_exit                                0x08000185   Thumb Code     0  rtexit.o(.ARM.Collect$$rtexit$$00000000)
    __rt_exit_ls                             0x08000187   Thumb Code     0  rtexit2.o(.ARM.Collect$$rtexit$$00000003)
    __rt_exit_prels_1                        0x08000187   Thumb Code     0  rtexit2.o(.ARM.Collect$$rtexit$$00000002)
    __rt_exit_exit                           0x0800018b   Thumb Code     0  rtexit2.o(.ARM.Collect$$rtexit$$00000004)
    Reset_Handler                            0x08000191   Thumb Code     8  startup_stm32f103xb.o(.text)
    ADC1_2_IRQHandler                        0x080001ab   Thumb Code     0  startup_stm32f103xb.o(.text)
    CAN1_RX1_IRQHandler                      0x080001ab   Thumb Code     0  startup_stm32f103xb.o(.text)
    CAN1_SCE_IRQHandler                      0x080001ab   Thumb Code     0  startup_stm32f103xb.o(.text)
    DMA1_Channel1_IRQHandler                 0x080001ab   Thumb Code     0  startup_stm32f103xb.o(.text)
    DMA1_Channel2_IRQHandler                 0x080001ab   Thumb Code     0  startup_stm32f103xb.o(.text)
    DMA1_Channel3_IRQHandler                 0x080001ab   Thumb Code     0  startup_stm32f103xb.o(.text)
    DMA1_Channel4_IRQHandler                 0x080001ab   Thumb Code     0  startup_stm32f103xb.o(.text)
    DMA1_Channel5_IRQHandler                 0x080001ab   Thumb Code     0  startup_stm32f103xb.o(.text)
    DMA1_Channel6_IRQHandler                 0x080001ab   Thumb Code     0  startup_stm32f103xb.o(.text)
    DMA1_Channel7_IRQHandler                 0x080001ab   Thumb Code     0  startup_stm32f103xb.o(.text)
    EXTI0_IRQHandler                         0x080001ab   Thumb Code     0  startup_stm32f103xb.o(.text)
    EXTI15_10_IRQHandler                     0x080001ab   Thumb Code     0  startup_stm32f103xb.o(.text)
    EXTI1_IRQHandler                         0x080001ab   Thumb Code     0  startup_stm32f103xb.o(.text)
    EXTI2_IRQHandler                         0x080001ab   Thumb Code     0  startup_stm32f103xb.o(.text)
    EXTI3_IRQHandler                         0x080001ab   Thumb Code     0  startup_stm32f103xb.o(.text)
    EXTI4_IRQHandler                         0x080001ab   Thumb Code     0  startup_stm32f103xb.o(.text)
    EXTI9_5_IRQHandler                       0x080001ab   Thumb Code     0  startup_stm32f103xb.o(.text)
    FLASH_IRQHandler                         0x080001ab   Thumb Code     0  startup_stm32f103xb.o(.text)
    I2C1_ER_IRQHandler                       0x080001ab   Thumb Code     0  startup_stm32f103xb.o(.text)
    I2C1_EV_IRQHandler                       0x080001ab   Thumb Code     0  startup_stm32f103xb.o(.text)
    I2C2_ER_IRQHandler                       0x080001ab   Thumb Code     0  startup_stm32f103xb.o(.text)
    I2C2_EV_IRQHandler                       0x080001ab   Thumb Code     0  startup_stm32f103xb.o(.text)
    PVD_IRQHandler                           0x080001ab   Thumb Code     0  startup_stm32f103xb.o(.text)
    RCC_IRQHandler                           0x080001ab   Thumb Code     0  startup_stm32f103xb.o(.text)
    RTC_Alarm_IRQHandler                     0x080001ab   Thumb Code     0  startup_stm32f103xb.o(.text)
    RTC_IRQHandler                           0x080001ab   Thumb Code     0  startup_stm32f103xb.o(.text)
    SPI1_IRQHandler                          0x080001ab   Thumb Code     0  startup_stm32f103xb.o(.text)
    SPI2_IRQHandler                          0x080001ab   Thumb Code     0  startup_stm32f103xb.o(.text)
    TAMPER_IRQHandler                        0x080001ab   Thumb Code     0  startup_stm32f103xb.o(.text)
    TIM1_BRK_IRQHandler                      0x080001ab   Thumb Code     0  startup_stm32f103xb.o(.text)
    TIM1_CC_IRQHandler                       0x080001ab   Thumb Code     0  startup_stm32f103xb.o(.text)
    TIM1_TRG_COM_IRQHandler                  0x080001ab   Thumb Code     0  startup_stm32f103xb.o(.text)
    TIM1_UP_IRQHandler                       0x080001ab   Thumb Code     0  startup_stm32f103xb.o(.text)
    TIM2_IRQHandler                          0x080001ab   Thumb Code     0  startup_stm32f103xb.o(.text)
    TIM4_IRQHandler                          0x080001ab   Thumb Code     0  startup_stm32f103xb.o(.text)
    USART1_IRQHandler                        0x080001ab   Thumb Code     0  startup_stm32f103xb.o(.text)
    USART3_IRQHandler                        0x080001ab   Thumb Code     0  startup_stm32f103xb.o(.text)
    USBWakeUp_IRQHandler                     0x080001ab   Thumb Code     0  startup_stm32f103xb.o(.text)
    USB_HP_CAN1_TX_IRQHandler                0x080001ab   Thumb Code     0  startup_stm32f103xb.o(.text)
    USB_LP_CAN1_RX0_IRQHandler               0x080001ab   Thumb Code     0  startup_stm32f103xb.o(.text)
    WWDG_IRQHandler                          0x080001ab   Thumb Code     0  startup_stm32f103xb.o(.text)
    __user_initial_stackheap                 0x080001ad   Thumb Code     0  startup_stm32f103xb.o(.text)
    __aeabi_ldivmod                          0x080001d1   Thumb Code     0  llsdiv.o(.text)
    _ll_sdiv                                 0x080001d1   Thumb Code    72  llsdiv.o(.text)
    __2sprintf                               0x08000219   Thumb Code    34  noretval__2sprintf.o(.text)
    __printf                                 0x08000241   Thumb Code   104  __printf.o(.text)
    _printf_int_dec                          0x080002a9   Thumb Code   104  _printf_dec.o(.text)
    strstr                                   0x08000321   Thumb Code    36  strstr.o(.text)
    memcmp                                   0x08000345   Thumb Code    88  memcmp.o(.text)
    __aeabi_memset                           0x0800039d   Thumb Code    16  aeabi_memset.o(.text)
    __aeabi_memclr                           0x080003ad   Thumb Code     0  rt_memclr.o(.text)
    __rt_memclr                              0x080003ad   Thumb Code    68  rt_memclr.o(.text)
    _memset                                  0x080003b1   Thumb Code     0  rt_memclr.o(.text)
    __aeabi_memclr4                          0x080003f1   Thumb Code     0  rt_memclr_w.o(.text)
    __aeabi_memclr8                          0x080003f1   Thumb Code     0  rt_memclr_w.o(.text)
    __rt_memclr_w                            0x080003f1   Thumb Code    78  rt_memclr_w.o(.text)
    _memset_w                                0x080003f5   Thumb Code     0  rt_memclr_w.o(.text)
    __use_two_region_memory                  0x0800043f   Thumb Code     2  heapauxi.o(.text)
    __rt_heap_escrow$2region                 0x08000441   Thumb Code     2  heapauxi.o(.text)
    __rt_heap_expand$2region                 0x08000443   Thumb Code     2  heapauxi.o(.text)
    __aeabi_uldivmod                         0x08000445   Thumb Code     0  lludivv7m.o(.text)
    _ll_udiv                                 0x08000445   Thumb Code   238  lludivv7m.o(.text)
    __read_errno                             0x08000533   Thumb Code    10  _rserrno.o(.text)
    __set_errno                              0x0800053d   Thumb Code    12  _rserrno.o(.text)
    _printf_int_common                       0x08000549   Thumb Code   178  _printf_intcommon.o(.text)
    _printf_char_common                      0x08000607   Thumb Code    32  _printf_char_common.o(.text)
    _sputc                                   0x0800062d   Thumb Code    10  _sputc.o(.text)
    __aeabi_errno_addr                       0x08000639   Thumb Code     8  rt_errno_addr_intlibspace.o(.text)
    __errno$intlibspace                      0x08000639   Thumb Code     0  rt_errno_addr_intlibspace.o(.text)
    __rt_errno_addr$intlibspace              0x08000639   Thumb Code     0  rt_errno_addr_intlibspace.o(.text)
    __user_libspace                          0x08000641   Thumb Code     8  libspace.o(.text)
    __user_perproc_libspace                  0x08000641   Thumb Code     0  libspace.o(.text)
    __user_perthread_libspace                0x08000641   Thumb Code     0  libspace.o(.text)
    __user_setup_stackheap                   0x08000649   Thumb Code    74  sys_stackheap_outer.o(.text)
    exit                                     0x08000693   Thumb Code    18  exit.o(.text)
    _sys_exit                                0x080006a5   Thumb Code     8  sys_exit.o(.text)
    __I$use$semihosting                      0x080006b1   Thumb Code     0  use_no_semi.o(.text)
    __use_no_semihosting_swi                 0x080006b1   Thumb Code     2  use_no_semi.o(.text)
    BusFault_Handler                         0x080006b3   Thumb Code     2  stm32f1xx_it.o(i.BusFault_Handler)
    __semihosting_library_function           0x080006b3   Thumb Code     0  indicate_semi.o(.text)
    DebugMon_Handler                         0x080006b5   Thumb Code     2  stm32f1xx_it.o(i.DebugMon_Handler)
    Error_Handler                            0x080006b7   Thumb Code     4  main.o(i.Error_Handler)
    HAL_DMA_Abort                            0x080006bb   Thumb Code    70  stm32f1xx_hal_dma.o(i.HAL_DMA_Abort)
    HAL_DMA_Abort_IT                         0x08000701   Thumb Code   148  stm32f1xx_hal_dma.o(i.HAL_DMA_Abort_IT)
    HAL_Delay                                0x08000799   Thumb Code    32  stm32f1xx_hal.o(i.HAL_Delay)
    HAL_GPIO_Init                            0x080007bd   Thumb Code   446  stm32f1xx_hal_gpio.o(i.HAL_GPIO_Init)
    HAL_GPIO_ReadPin                         0x0800099d   Thumb Code    10  stm32f1xx_hal_gpio.o(i.HAL_GPIO_ReadPin)
    HAL_GPIO_WritePin                        0x080009a7   Thumb Code    10  stm32f1xx_hal_gpio.o(i.HAL_GPIO_WritePin)
    HAL_GetTick                              0x080009b1   Thumb Code     6  stm32f1xx_hal.o(i.HAL_GetTick)
    HAL_I2C_Init                             0x080009bd   Thumb Code   376  stm32f1xx_hal_i2c.o(i.HAL_I2C_Init)
    HAL_I2C_MspInit                          0x08000b45   Thumb Code    96  i2c.o(i.HAL_I2C_MspInit)
    HAL_IncTick                              0x08000bb5   Thumb Code    12  stm32f1xx_hal.o(i.HAL_IncTick)
    HAL_Init                                 0x08000bc5   Thumb Code    32  stm32f1xx_hal.o(i.HAL_Init)
    HAL_InitTick                             0x08000be9   Thumb Code    54  stm32f1xx_hal.o(i.HAL_InitTick)
    HAL_MspInit                              0x08000c29   Thumb Code    52  stm32f1xx_hal_msp.o(i.HAL_MspInit)
    HAL_NVIC_EnableIRQ                       0x08000c65   Thumb Code    26  stm32f1xx_hal_cortex.o(i.HAL_NVIC_EnableIRQ)
    HAL_NVIC_SetPriority                     0x08000c81   Thumb Code    60  stm32f1xx_hal_cortex.o(i.HAL_NVIC_SetPriority)
    HAL_NVIC_SetPriorityGrouping             0x08000cc1   Thumb Code    26  stm32f1xx_hal_cortex.o(i.HAL_NVIC_SetPriorityGrouping)
    HAL_RCC_ClockConfig                      0x08000ce5   Thumb Code   280  stm32f1xx_hal_rcc.o(i.HAL_RCC_ClockConfig)
    HAL_RCC_GetPCLK1Freq                     0x08000e11   Thumb Code    20  stm32f1xx_hal_rcc.o(i.HAL_RCC_GetPCLK1Freq)
    HAL_RCC_GetPCLK2Freq                     0x08000e31   Thumb Code    20  stm32f1xx_hal_rcc.o(i.HAL_RCC_GetPCLK2Freq)
    HAL_RCC_GetSysClockFreq                  0x08000e51   Thumb Code    58  stm32f1xx_hal_rcc.o(i.HAL_RCC_GetSysClockFreq)
    HAL_RCC_OscConfig                        0x08000e9d   Thumb Code   778  stm32f1xx_hal_rcc.o(i.HAL_RCC_OscConfig)
    HAL_SYSTICK_Config                       0x080011bd   Thumb Code    40  stm32f1xx_hal_cortex.o(i.HAL_SYSTICK_Config)
    HAL_TIMEx_BreakCallback                  0x080011e5   Thumb Code     2  stm32f1xx_hal_tim_ex.o(i.HAL_TIMEx_BreakCallback)
    HAL_TIMEx_CommutCallback                 0x080011e7   Thumb Code     2  stm32f1xx_hal_tim_ex.o(i.HAL_TIMEx_CommutCallback)
    HAL_TIMEx_ConfigBreakDeadTime            0x080011e9   Thumb Code    84  stm32f1xx_hal_tim_ex.o(i.HAL_TIMEx_ConfigBreakDeadTime)
    HAL_TIMEx_MasterConfigSynchronization    0x0800123d   Thumb Code    92  stm32f1xx_hal_tim_ex.o(i.HAL_TIMEx_MasterConfigSynchronization)
    HAL_TIM_Base_Init                        0x080012a5   Thumb Code    90  stm32f1xx_hal_tim.o(i.HAL_TIM_Base_Init)
    HAL_TIM_Base_MspInit                     0x08001301   Thumb Code    50  tim.o(i.HAL_TIM_Base_MspInit)
    HAL_TIM_Base_Start_IT                    0x0800133d   Thumb Code    76  stm32f1xx_hal_tim.o(i.HAL_TIM_Base_Start_IT)
    HAL_TIM_ConfigClockSource                0x08001395   Thumb Code   220  stm32f1xx_hal_tim.o(i.HAL_TIM_ConfigClockSource)
    HAL_TIM_Encoder_Init                     0x08001471   Thumb Code   164  stm32f1xx_hal_tim.o(i.HAL_TIM_Encoder_Init)
    HAL_TIM_Encoder_MspInit                  0x08001515   Thumb Code   122  tim.o(i.HAL_TIM_Encoder_MspInit)
    HAL_TIM_Encoder_Start                    0x080015a1   Thumb Code   142  stm32f1xx_hal_tim.o(i.HAL_TIM_Encoder_Start)
    HAL_TIM_IC_CaptureCallback               0x0800162f   Thumb Code     2  stm32f1xx_hal_tim.o(i.HAL_TIM_IC_CaptureCallback)
    HAL_TIM_IRQHandler                       0x08001631   Thumb Code   304  stm32f1xx_hal_tim.o(i.HAL_TIM_IRQHandler)
    HAL_TIM_MspPostInit                      0x08001761   Thumb Code    64  tim.o(i.HAL_TIM_MspPostInit)
    HAL_TIM_OC_DelayElapsedCallback          0x080017ad   Thumb Code     2  stm32f1xx_hal_tim.o(i.HAL_TIM_OC_DelayElapsedCallback)
    HAL_TIM_PWM_ConfigChannel                0x080017af   Thumb Code   204  stm32f1xx_hal_tim.o(i.HAL_TIM_PWM_ConfigChannel)
    HAL_TIM_PWM_Init                         0x0800187b   Thumb Code    90  stm32f1xx_hal_tim.o(i.HAL_TIM_PWM_Init)
    HAL_TIM_PWM_MspInit                      0x080018d5   Thumb Code    30  tim.o(i.HAL_TIM_PWM_MspInit)
    HAL_TIM_PWM_PulseFinishedCallback        0x080018fd   Thumb Code     2  stm32f1xx_hal_tim.o(i.HAL_TIM_PWM_PulseFinishedCallback)
    HAL_TIM_PWM_Start                        0x08001901   Thumb Code   144  stm32f1xx_hal_tim.o(i.HAL_TIM_PWM_Start)
    HAL_TIM_PeriodElapsedCallback            0x0800199d   Thumb Code    24  main.o(i.HAL_TIM_PeriodElapsedCallback)
    HAL_TIM_TriggerCallback                  0x080019bd   Thumb Code     2  stm32f1xx_hal_tim.o(i.HAL_TIM_TriggerCallback)
    HAL_UARTEx_RxEventCallback               0x080019bf   Thumb Code     2  stm32f1xx_hal_uart.o(i.HAL_UARTEx_RxEventCallback)
    HAL_UART_ErrorCallback                   0x080019c1   Thumb Code     2  stm32f1xx_hal_uart.o(i.HAL_UART_ErrorCallback)
    HAL_UART_GetState                        0x080019c3   Thumb Code    10  stm32f1xx_hal_uart.o(i.HAL_UART_GetState)
    HAL_UART_IRQHandler                      0x080019cd   Thumb Code   616  stm32f1xx_hal_uart.o(i.HAL_UART_IRQHandler)
    HAL_UART_Init                            0x08001c39   Thumb Code   100  stm32f1xx_hal_uart.o(i.HAL_UART_Init)
    HAL_UART_MspInit                         0x08001c9d   Thumb Code   188  usart.o(i.HAL_UART_MspInit)
    HAL_UART_Receive_IT                      0x08001d6d   Thumb Code    28  stm32f1xx_hal_uart.o(i.HAL_UART_Receive_IT)
    HAL_UART_RxCpltCallback                  0x08001d89   Thumb Code   120  main.o(i.HAL_UART_RxCpltCallback)
    HAL_UART_Transmit                        0x08001e0d   Thumb Code   160  stm32f1xx_hal_uart.o(i.HAL_UART_Transmit)
    HAL_UART_TxCpltCallback                  0x08001ead   Thumb Code     2  stm32f1xx_hal_uart.o(i.HAL_UART_TxCpltCallback)
    HardFault_Handler                        0x08001eaf   Thumb Code     2  stm32f1xx_it.o(i.HardFault_Handler)
    I2C_Start                                0x08001eb1   Thumb Code    64  oled.o(i.I2C_Start)
    I2C_Stop                                 0x08001ef5   Thumb Code    46  oled.o(i.I2C_Stop)
    I2C_WaitAck                              0x08001f29   Thumb Code    52  oled.o(i.I2C_WaitAck)
    IIC_Ack                                  0x08001f61   Thumb Code    60  iic.o(i.IIC_Ack)
    IIC_GPIO_Init                            0x08001fad   Thumb Code    50  iic.o(i.IIC_GPIO_Init)
    IIC_NAck                                 0x08001fe9   Thumb Code    50  iic.o(i.IIC_NAck)
    IIC_Read_Byte                            0x08002021   Thumb Code    84  iic.o(i.IIC_Read_Byte)
    IIC_Send_Byte                            0x08002079   Thumb Code    86  iic.o(i.IIC_Send_Byte)
    IIC_Start                                0x080020d5   Thumb Code    60  iic.o(i.IIC_Start)
    IIC_Stop                                 0x08002115   Thumb Code    42  iic.o(i.IIC_Stop)
    IIC_Wait_Ack                             0x08002145   Thumb Code    66  iic.o(i.IIC_Wait_Ack)
    IIC_delay                                0x0800218d   Thumb Code    10  oled.o(i.IIC_delay)
    MPU_Get_Accelerometer                    0x08002197   Thumb Code    50  mpu6050.o(i.MPU_Get_Accelerometer)
    MPU_Get_Gyroscope                        0x080021c9   Thumb Code    50  mpu6050.o(i.MPU_Get_Gyroscope)
    MPU_Read_Len                             0x080021fd   Thumb Code   108  mpu6050.o(i.MPU_Read_Len)
    MPU_Write_Len                            0x08002269   Thumb Code    82  mpu6050.o(i.MPU_Write_Len)
    MX_GPIO_Init                             0x080022bd   Thumb Code   136  gpio.o(i.MX_GPIO_Init)
    MX_I2C1_Init                             0x0800234d   Thumb Code    50  i2c.o(i.MX_I2C1_Init)
    MX_TIM1_Init                             0x0800238d   Thumb Code   170  tim.o(i.MX_TIM1_Init)
    MX_TIM2_Init                             0x08002441   Thumb Code   100  tim.o(i.MX_TIM2_Init)
    MX_TIM3_Init                             0x080024a9   Thumb Code    94  tim.o(i.MX_TIM3_Init)
    MX_TIM4_Init                             0x08002511   Thumb Code    98  tim.o(i.MX_TIM4_Init)
    MX_USART2_UART_Init                      0x0800257d   Thumb Code    48  usart.o(i.MX_USART2_UART_Init)
    MX_USART3_UART_Init                      0x080025b5   Thumb Code    48  usart.o(i.MX_USART3_UART_Init)
    MemManage_Handler                        0x080025ed   Thumb Code     2  stm32f1xx_it.o(i.MemManage_Handler)
    NMI_Handler                              0x080025ef   Thumb Code     2  stm32f1xx_it.o(i.NMI_Handler)
    OLED_Clear                               0x080025f1   Thumb Code    40  oled.o(i.OLED_Clear)
    OLED_DrawPoint                           0x0800261d   Thumb Code    40  oled.o(i.OLED_DrawPoint)
    OLED_Init                                0x08002649   Thumb Code   314  oled.o(i.OLED_Init)
    OLED_Refresh                             0x0800278d   Thumb Code   100  oled.o(i.OLED_Refresh)
    OLED_ShowChar                            0x080027f5   Thumb Code   212  oled.o(i.OLED_ShowChar)
    OLED_ShowString                          0x080028d9   Thumb Code    60  oled.o(i.OLED_ShowString)
    OLED_WR_Byte                             0x08002915   Thumb Code    54  oled.o(i.OLED_WR_Byte)
    PendSV_Handler                           0x0800294b   Thumb Code     2  stm32f1xx_it.o(i.PendSV_Handler)
    SVC_Handler                              0x0800294d   Thumb Code     2  stm32f1xx_it.o(i.SVC_Handler)
    Send_Byte                                0x08002951   Thumb Code    78  oled.o(i.Send_Byte)
    SysTick_Handler                          0x080029a5   Thumb Code     4  stm32f1xx_it.o(i.SysTick_Handler)
    SystemClock_Config                       0x080029a9   Thumb Code    94  main.o(i.SystemClock_Config)
    SystemInit                               0x08002a07   Thumb Code     2  system_stm32f1xx.o(i.SystemInit)
    TIM3_IRQHandler                          0x08002a09   Thumb Code     6  stm32f1xx_it.o(i.TIM3_IRQHandler)
    TIM_Base_SetConfig                       0x08002a15   Thumb Code   108  stm32f1xx_hal_tim.o(i.TIM_Base_SetConfig)
    TIM_CCxChannelCmd                        0x08002a8d   Thumb Code    26  stm32f1xx_hal_tim.o(i.TIM_CCxChannelCmd)
    TIM_ETR_SetConfig                        0x08002aa7   Thumb Code    20  stm32f1xx_hal_tim.o(i.TIM_ETR_SetConfig)
    TIM_OC2_SetConfig                        0x08002b1d   Thumb Code    84  stm32f1xx_hal_tim.o(i.TIM_OC2_SetConfig)
    Turn                                     0x08002c59   Thumb Code    40  pid.o(i.Turn)
    UART_Start_Receive_IT                    0x08002e5d   Thumb Code    54  stm32f1xx_hal_uart.o(i.UART_Start_Receive_IT)
    USART2_IRQHandler                        0x08002f05   Thumb Code     6  stm32f1xx_it.o(i.USART2_IRQHandler)
    UsageFault_Handler                       0x08002f11   Thumb Code     2  stm32f1xx_it.o(i.UsageFault_Handler)
    Vertical                                 0x08002f15   Thumb Code    48  pid.o(i.Vertical)
    __ARM_fpclassify                         0x08002f49   Thumb Code    40  fpclassify.o(i.__ARM_fpclassify)
    __kernel_poly                            0x08002f91   Thumb Code   170  poly.o(i.__kernel_poly)
    __mathlib_dbl_infnan                     0x0800303b   Thumb Code     6  dunder.o(i.__mathlib_dbl_infnan)
    __mathlib_dbl_infnan2                    0x08003041   Thumb Code     4  dunder.o(i.__mathlib_dbl_infnan2)
    __mathlib_dbl_invalid                    0x08003045   Thumb Code    12  dunder.o(i.__mathlib_dbl_invalid)
    __mathlib_dbl_underflow                  0x08003051   Thumb Code    10  dunder.o(i.__mathlib_dbl_underflow)
    asin                                     0x080030e1   Thumb Code   572  asin.o(i.asin)
    atan                                     0x08003351   Thumb Code   474  atan.o(i.atan)
    atan2                                    0x08003571   Thumb Code   374  atan2.o(i.atan2)
    control                                  0x0800370d   Thumb Code   150  pid.o(i.control)
    dmp_enable_6x_lp_quat                    0x080037b1   Thumb Code    58  inv_mpu_dmp_motion_driver.o(i.dmp_enable_6x_lp_quat)
    dmp_enable_feature                       0x080037ed   Thumb Code   464  inv_mpu_dmp_motion_driver.o(i.dmp_enable_feature)
    dmp_enable_gyro_cal                      0x080039c5   Thumb Code    34  inv_mpu_dmp_motion_driver.o(i.dmp_enable_gyro_cal)
    dmp_enable_lp_quat                       0x08003a01   Thumb Code    58  inv_mpu_dmp_motion_driver.o(i.dmp_enable_lp_quat)
    dmp_load_motion_driver_firmware          0x08003a3d   Thumb Code    16  inv_mpu_dmp_motion_driver.o(i.dmp_load_motion_driver_firmware)
    dmp_read_fifo                            0x08003a51   Thumb Code   352  inv_mpu_dmp_motion_driver.o(i.dmp_read_fifo)
    dmp_set_fifo_rate                        0x08003bb5   Thumb Code    82  inv_mpu_dmp_motion_driver.o(i.dmp_set_fifo_rate)
    dmp_set_orientation                      0x08003c19   Thumb Code   246  inv_mpu_dmp_motion_driver.o(i.dmp_set_orientation)
    dmp_set_shake_reject_thresh              0x08003d25   Thumb Code    48  inv_mpu_dmp_motion_driver.o(i.dmp_set_shake_reject_thresh)
    dmp_set_shake_reject_time                0x08003d55   Thumb Code    32  inv_mpu_dmp_motion_driver.o(i.dmp_set_shake_reject_time)
    dmp_set_shake_reject_timeout             0x08003d75   Thumb Code    32  inv_mpu_dmp_motion_driver.o(i.dmp_set_shake_reject_timeout)
    dmp_set_tap_axes                         0x08003d95   Thumb Code    64  inv_mpu_dmp_motion_driver.o(i.dmp_set_tap_axes)
    dmp_set_tap_count                        0x08003dd5   Thumb Code    34  inv_mpu_dmp_motion_driver.o(i.dmp_set_tap_count)
    dmp_set_tap_thresh                       0x08003df9   Thumb Code   274  inv_mpu_dmp_motion_driver.o(i.dmp_set_tap_thresh)
    dmp_set_tap_time                         0x08003f21   Thumb Code    32  inv_mpu_dmp_motion_driver.o(i.dmp_set_tap_time)
    dmp_set_tap_time_multi                   0x08003f41   Thumb Code    32  inv_mpu_dmp_motion_driver.o(i.dmp_set_tap_time_multi)
    enc_init                                 0x08003f61   Thumb Code    22  motorenc.o(i.enc_init)
    esp8266_send_cmd                         0x08003f81   Thumb Code    64  esp.o(i.esp8266_send_cmd)
    esp8266_start_trans                      0x08003fc9   Thumb Code   176  esp.o(i.esp8266_start_trans)
    inv_orientation_matrix_to_scalar         0x0800457d   Thumb Code    34  inv_mpu.o(i.inv_orientation_matrix_to_scalar)
    inv_row_2_scale                          0x0800459f   Thumb Code    72  inv_mpu.o(i.inv_row_2_scale)
    limit                                    0x080045e7   Thumb Code    42  tb6612.o(i.limit)
    main                                     0x08004611   Thumb Code   856  main.o(i.main)
    mget_ms                                  0x08004a59   Thumb Code     2  inv_mpu.o(i.mget_ms)
    mode1                                    0x08004a5d   Thumb Code   108  main.o(i.mode1)
    mode2                                    0x08004ae1   Thumb Code   156  main.o(i.mode2)
    mode3                                    0x08004b95   Thumb Code   520  main.o(i.mode3)
    mode4                                    0x08004db9   Thumb Code   260  main.o(i.mode4)
    motorcontrol                             0x08004edd   Thumb Code   116  tb6612.o(i.motorcontrol)
    mpu_configure_fifo                       0x08004f59   Thumb Code    78  inv_mpu.o(i.mpu_configure_fifo)
    mpu_dmp_get_data                         0x08004fad   Thumb Code   408  inv_mpu.o(i.mpu_dmp_get_data)
    mpu_dmp_init                             0x08005149   Thumb Code   152  inv_mpu.o(i.mpu_dmp_init)
    mpu_get_accel_fsr                        0x080051e5   Thumb Code    54  inv_mpu.o(i.mpu_get_accel_fsr)
    mpu_get_accel_sens                       0x08005221   Thumb Code    62  inv_mpu.o(i.mpu_get_accel_sens)
    mpu_get_gyro_fsr                         0x08005265   Thumb Code    48  inv_mpu.o(i.mpu_get_gyro_fsr)
    mpu_get_gyro_sens                        0x08005299   Thumb Code    44  inv_mpu.o(i.mpu_get_gyro_sens)
    mpu_get_lpf                              0x080052d9   Thumb Code    52  inv_mpu.o(i.mpu_get_lpf)
    mpu_get_sample_rate                      0x08005311   Thumb Code    22  inv_mpu.o(i.mpu_get_sample_rate)
    mpu_init                                 0x0800532d   Thumb Code   288  inv_mpu.o(i.mpu_init)
    mpu_load_firmware                        0x08005451   Thumb Code   154  inv_mpu.o(i.mpu_load_firmware)
    mpu_lp_accel_mode                        0x080054f1   Thumb Code   178  inv_mpu.o(i.mpu_lp_accel_mode)
    mpu_read_fifo_stream                     0x080055a9   Thumb Code   140  inv_mpu.o(i.mpu_read_fifo_stream)
    mpu_read_mem                             0x08005639   Thumb Code    80  inv_mpu.o(i.mpu_read_mem)
    mpu_reset_fifo                           0x0800568d   Thumb Code   346  inv_mpu.o(i.mpu_reset_fifo)
    mpu_run_self_test                        0x080057ed   Thumb Code   234  inv_mpu.o(i.mpu_run_self_test)
    mpu_set_accel_fsr                        0x080058dd   Thumb Code    98  inv_mpu.o(i.mpu_set_accel_fsr)
    mpu_set_bypass                           0x08005945   Thumb Code   214  inv_mpu.o(i.mpu_set_bypass)
    mpu_set_dmp_state                        0x08005a21   Thumb Code   114  inv_mpu.o(i.mpu_set_dmp_state)
    mpu_set_gyro_fsr                         0x08005a99   Thumb Code   104  inv_mpu.o(i.mpu_set_gyro_fsr)
    mpu_set_int_latched                      0x08005b05   Thumb Code    94  inv_mpu.o(i.mpu_set_int_latched)
    mpu_set_lpf                              0x08005b69   Thumb Code   102  inv_mpu.o(i.mpu_set_lpf)
    mpu_set_sample_rate                      0x08005bd5   Thumb Code   124  inv_mpu.o(i.mpu_set_sample_rate)
    mpu_set_sensors                          0x08005c55   Thumb Code   178  inv_mpu.o(i.mpu_set_sensors)
    mpu_write_mem                            0x08005d0d   Thumb Code    80  inv_mpu.o(i.mpu_write_mem)
    read                                     0x08005d61   Thumb Code    24  main.o(i.read)
    read_enc                                 0x08005d85   Thumb Code    12  motorenc.o(i.read_enc)
    run_self_test                            0x08005d91   Thumb Code    94  inv_mpu.o(i.run_self_test)
    sqrt                                     0x08005e49   Thumb Code    76  sqrt.o(i.sqrt)
    tb6612_init                              0x08005e95   Thumb Code    22  tb6612.o(i.tb6612_init)
    u2_printf                                0x08005eb1   Thumb Code    74  esp.o(i.u2_printf)
    velocity                                 0x08005f01   Thumb Code   114  pid.o(i.velocity)
    __aeabi_d2f                              0x08005f81   Thumb Code     0  d2f.o(x$fpl$d2f)
    _d2f                                     0x08005f81   Thumb Code    98  d2f.o(x$fpl$d2f)
    __aeabi_dadd                             0x08005fe5   Thumb Code     0  daddsub_clz.o(x$fpl$dadd)
    _dadd                                    0x08005fe5   Thumb Code   332  daddsub_clz.o(x$fpl$dadd)
    __fpl_dcheck_NaN1                        0x08006135   Thumb Code    10  dcheck1.o(x$fpl$dcheck1)
    __fpl_dcmp_Inf                           0x08006145   Thumb Code    24  dcmpi.o(x$fpl$dcmpinf)
    __aeabi_ddiv                             0x0800615d   Thumb Code     0  ddiv.o(x$fpl$ddiv)
    _ddiv                                    0x0800615d   Thumb Code   552  ddiv.o(x$fpl$ddiv)
    __aeabi_cdcmpeq                          0x0800640d   Thumb Code     0  deqf.o(x$fpl$deqf)
    _dcmpeq                                  0x0800640d   Thumb Code   120  deqf.o(x$fpl$deqf)
    __aeabi_dmul                             0x08006485   Thumb Code     0  dmul.o(x$fpl$dmul)
    _dmul                                    0x08006485   Thumb Code   332  dmul.o(x$fpl$dmul)
    __fpl_dnaninf                            0x080065d9   Thumb Code   156  dnaninf.o(x$fpl$dnaninf)
    __fpl_dretinf                            0x08006675   Thumb Code    12  dretinf.o(x$fpl$dretinf)
    __aeabi_drsub                            0x08006681   Thumb Code     0  daddsub_clz.o(x$fpl$drsb)
    _drsb                                    0x08006681   Thumb Code    22  daddsub_clz.o(x$fpl$drsb)
    _dsqrt                                   0x08006699   Thumb Code   456  dsqrt_noumaal.o(x$fpl$dsqrt)
    __aeabi_dsub                             0x08006865   Thumb Code     0  daddsub_clz.o(x$fpl$dsub)
    _dsub                                    0x08006865   Thumb Code   464  daddsub_clz.o(x$fpl$dsub)
    __aeabi_f2d                              0x08006a39   Thumb Code     0  f2d.o(x$fpl$f2d)
    _f2d                                     0x08006a39   Thumb Code    86  f2d.o(x$fpl$f2d)
    __aeabi_fadd                             0x08006a91   Thumb Code     0  faddsub_clz.o(x$fpl$fadd)
    _fadd                                    0x08006a91   Thumb Code   196  faddsub_clz.o(x$fpl$fadd)
    __fpl_fcheck_NaN1                        0x08006b55   Thumb Code     6  fcheck1.o(x$fpl$fcheck1)
    __aeabi_fdiv                             0x08006b61   Thumb Code     0  fdiv.o(x$fpl$fdiv)
    _fdiv                                    0x08006b61   Thumb Code   384  fdiv.o(x$fpl$fdiv)
    __aeabi_f2iz                             0x08006ce5   Thumb Code     0  ffix.o(x$fpl$ffix)
    _ffix                                    0x08006ce5   Thumb Code    54  ffix.o(x$fpl$ffix)
    __aeabi_f2uiz                            0x08006d1d   Thumb Code     0  ffixu.o(x$fpl$ffixu)
    _ffixu                                   0x08006d1d   Thumb Code    62  ffixu.o(x$fpl$ffixu)
    __aeabi_i2f                              0x08006d5d   Thumb Code     0  fflt_clz.o(x$fpl$fflt)
    _fflt                                    0x08006d5d   Thumb Code    48  fflt_clz.o(x$fpl$fflt)
    __aeabi_ui2f                             0x08006d8d   Thumb Code     0  fflt_clz.o(x$fpl$ffltu)
    _ffltu                                   0x08006d8d   Thumb Code    38  fflt_clz.o(x$fpl$ffltu)
    __aeabi_fmul                             0x08006db5   Thumb Code     0  fmul.o(x$fpl$fmul)
    _fmul                                    0x08006db5   Thumb Code   258  fmul.o(x$fpl$fmul)
    __fpl_fnaninf                            0x08006eb7   Thumb Code   140  fnaninf.o(x$fpl$fnaninf)
    __fpl_fretinf                            0x08006f43   Thumb Code    10  fretinf.o(x$fpl$fretinf)
    __aeabi_frsub                            0x08006f4d   Thumb Code     0  faddsub_clz.o(x$fpl$frsb)
    _frsb                                    0x08006f4d   Thumb Code    20  faddsub_clz.o(x$fpl$frsb)
    __aeabi_fsub                             0x08006f61   Thumb Code     0  faddsub_clz.o(x$fpl$fsub)
    _fsub                                    0x08006f61   Thumb Code   234  faddsub_clz.o(x$fpl$fsub)
    __fpl_return_NaN                         0x0800704b   Thumb Code   100  retnan.o(x$fpl$retnan)
    __ARM_scalbn                             0x080070af   Thumb Code    92  scalbn.o(x$fpl$scalbn)
    __ARM_scalbnf                            0x0800710b   Thumb Code    76  scalbnf.o(x$fpl$scalbnf)
    __fpl_cmpreturn                          0x08007157   Thumb Code    48  trapv.o(x$fpl$trapveneer)
    __I$use$fp                               0x08007186   Number         0  usenofp.o(x$fpl$usenofp)
    reg                                      0x08007186   Data          27  inv_mpu.o(.constdata)
    hw                                       0x080071a2   Data          12  inv_mpu.o(.constdata)
    test                                     0x080071b0   Data          40  inv_mpu.o(.constdata)
    asc2_0806                                0x08007dce   Data         552  oled.o(.constdata)
    asc2_1206                                0x08007ff6   Data        1140  oled.o(.constdata)
    asc2_1608                                0x0800846a   Data        1520  oled.o(.constdata)
    asc2_2412                                0x08008a5a   Data        3420  oled.o(.constdata)
    Hzk1                                     0x080097b6   Data         352  oled.o(.constdata)
    Hzk2                                     0x08009916   Data          72  oled.o(.constdata)
    Hzk3                                     0x0800995e   Data         128  oled.o(.constdata)
    Hzk4                                     0x080099de   Data         512  oled.o(.constdata)
    AHBPrescTable                            0x08009bf0   Data          16  system_stm32f1xx.o(.constdata)
    APBPrescTable                            0x08009c00   Data           8  system_stm32f1xx.o(.constdata)
    __mathlib_zero                           0x08009cf0   Data           8  qnan.o(.constdata)
    Region$$Table$$Base                      0x08009cf8   Number         0  anon$$obj.o(Region$$Table)
    Region$$Table$$Limit                     0x08009d18   Number         0  anon$$obj.o(Region$$Table)
    gyrox                                    0x20000038   Data           2  pid.o(.data)
    gyroy                                    0x2000003a   Data           2  pid.o(.data)
    gyroz                                    0x2000003c   Data           2  pid.o(.data)
    aacx                                     0x2000003e   Data           2  pid.o(.data)
    aacy                                     0x20000040   Data           2  pid.o(.data)
    aacz                                     0x20000042   Data           2  pid.o(.data)
    Target_Speed                             0x20000044   Data           4  pid.o(.data)
    Target_turn                              0x20000048   Data           4  pid.o(.data)
    Med_Angle                                0x2000004c   Data           4  pid.o(.data)
    Vertical_Kp                              0x20000050   Data           4  pid.o(.data)
    Vertical_Kd                              0x20000054   Data           4  pid.o(.data)
    Velocity_Kp                              0x20000058   Data           4  pid.o(.data)
    Velocity_Ki                              0x2000005c   Data           4  pid.o(.data)
    Turn_Kp                                  0x20000060   Data           4  pid.o(.data)
    Turn_Kd                                  0x20000064   Data           4  pid.o(.data)
    Enc_left                                 0x20000070   Data           4  pid.o(.data)
    Enc_right                                0x20000074   Data           4  pid.o(.data)
    pitch                                    0x20000078   Data           4  pid.o(.data)
    roll                                     0x2000007c   Data           4  pid.o(.data)
    yaw                                      0x20000080   Data           4  pid.o(.data)
    Vertical_out                             0x20000084   Data           4  pid.o(.data)
    Velocity_out                             0x20000088   Data           4  pid.o(.data)
    Turn_out                                 0x2000008c   Data           4  pid.o(.data)
    MOTO1                                    0x20000090   Data           4  pid.o(.data)
    MOTO2                                    0x20000094   Data           4  pid.o(.data)
    Uart2_Rx_Cnt                             0x20000098   Data           1  main.o(.data)
    receive_flag                             0x20000099   Data           1  main.o(.data)
    count                                    0x2000009a   Data           1  main.o(.data)
    aRxBuffer                                0x2000009c   Data           1  main.o(.data)
    total_left2                              0x200000a0   Data           4  main.o(.data)
    total_right2                             0x200000a4   Data           4  main.o(.data)
    pre_tvalue                               0x200000a8   Data           4  main.o(.data)
    p                                        0x200000ac   Data           4  main.o(.data)
    y                                        0x200000b0   Data           4  main.o(.data)
    r                                        0x200000b4   Data           4  main.o(.data)
    uwTickFreq                               0x200000b8   Data           1  stm32f1xx_hal.o(.data)
    uwTickPrio                               0x200000bc   Data           4  stm32f1xx_hal.o(.data)
    uwTick                                   0x200000c0   Data           4  stm32f1xx_hal.o(.data)
    SystemCoreClock                          0x200000c4   Data           4  system_stm32f1xx.o(.data)
    OLED_GRAM                                0x200000d8   Data        1152  oled.o(.bss)
    message1                                 0x20000558   Data          50  main.o(.bss)
    my_order                                 0x2000058a   Data          15  main.o(.bss)
    RxBuffer                                 0x20000599   Data         256  main.o(.bss)
    hi2c1                                    0x2000069c   Data          84  i2c.o(.bss)
    htim1                                    0x200006f0   Data          72  tim.o(.bss)
    htim2                                    0x20000738   Data          72  tim.o(.bss)
    htim3                                    0x20000780   Data          72  tim.o(.bss)
    htim4                                    0x200007c8   Data          72  tim.o(.bss)
    huart2                                   0x20000810   Data          72  usart.o(.bss)
    huart3                                   0x20000858   Data          72  usart.o(.bss)
    __libspace_start                         0x200008a0   Data          96  libspace.o(.bss)
    __temporary_stack_top$libspace           0x20000900   Data           0  libspace.o(.bss)



==============================================================================

Memory Map of the image

  Image Entry point : 0x080000ed

  Load Region LR_IROM1 (Base: 0x08000000, Size: 0x00009de0, Max: 0x00010000, ABSOLUTE)

    Execution Region ER_IROM1 (Exec base: 0x08000000, Load base: 0x08000000, Size: 0x00009d18, Max: 0x00010000, ABSOLUTE)

    Exec Addr    Load Addr    Size         Type   Attr      Idx    E Section Name        Object

    0x08000000   0x08000000   0x000000ec   Data   RO            3    RESET               startup_stm32f103xb.o
    0x080000ec   0x080000ec   0x00000008   Code   RO         4503  * !!!main             c_w.l(__main.o)
    0x080000f4   0x080000f4   0x00000034   Code   RO         4822    !!!scatter          c_w.l(__scatter.o)
    0x08000128   0x08000128   0x0000001a   Code   RO         4824    !!handler_copy      c_w.l(__scatter_copy.o)
    0x08000142   0x08000142   0x00000002   PAD
    0x08000144   0x08000144   0x0000001c   Code   RO         4826    !!handler_zi        c_w.l(__scatter_zi.o)
    0x08000160   0x08000160   0x00000000   Code   RO         4490    .ARM.Collect$$_printf_percent$$00000000  c_w.l(_printf_percent.o)
    0x08000160   0x08000160   0x00000006   Code   RO         4489    .ARM.Collect$$_printf_percent$$00000009  c_w.l(_printf_d.o)
    0x08000166   0x08000166   0x00000004   Code   RO         4584    .ARM.Collect$$_printf_percent$$00000017  c_w.l(_printf_percent_end.o)
    0x0800016a   0x0800016a   0x00000002   Code   RO         4687    .ARM.Collect$$libinit$$00000000  c_w.l(libinit.o)
    0x0800016c   0x0800016c   0x00000000   Code   RO         4697    .ARM.Collect$$libinit$$00000002  c_w.l(libinit2.o)
    0x0800016c   0x0800016c   0x00000000   Code   RO         4699    .ARM.Collect$$libinit$$00000004  c_w.l(libinit2.o)
    0x0800016c   0x0800016c   0x00000000   Code   RO         4702    .ARM.Collect$$libinit$$0000000A  c_w.l(libinit2.o)
    0x0800016c   0x0800016c   0x00000000   Code   RO         4704    .ARM.Collect$$libinit$$0000000C  c_w.l(libinit2.o)
    0x0800016c   0x0800016c   0x00000000   Code   RO         4706    .ARM.Collect$$libinit$$0000000E  c_w.l(libinit2.o)
    0x0800016c   0x0800016c   0x00000000   Code   RO         4709    .ARM.Collect$$libinit$$00000011  c_w.l(libinit2.o)
    0x0800016c   0x0800016c   0x00000000   Code   RO         4711    .ARM.Collect$$libinit$$00000013  c_w.l(libinit2.o)
    0x0800016c   0x0800016c   0x00000000   Code   RO         4713    .ARM.Collect$$libinit$$00000015  c_w.l(libinit2.o)
    0x0800016c   0x0800016c   0x00000000   Code   RO         4715    .ARM.Collect$$libinit$$00000017  c_w.l(libinit2.o)
    0x0800016c   0x0800016c   0x00000000   Code   RO         4717    .ARM.Collect$$libinit$$00000019  c_w.l(libinit2.o)
    0x0800016c   0x0800016c   0x00000000   Code   RO         4719    .ARM.Collect$$libinit$$0000001B  c_w.l(libinit2.o)
    0x0800016c   0x0800016c   0x00000000   Code   RO         4721    .ARM.Collect$$libinit$$0000001D  c_w.l(libinit2.o)
    0x0800016c   0x0800016c   0x00000000   Code   RO         4723    .ARM.Collect$$libinit$$0000001F  c_w.l(libinit2.o)
    0x0800016c   0x0800016c   0x00000000   Code   RO         4725    .ARM.Collect$$libinit$$00000021  c_w.l(libinit2.o)
    0x0800016c   0x0800016c   0x00000000   Code   RO         4727    .ARM.Collect$$libinit$$00000023  c_w.l(libinit2.o)
    0x0800016c   0x0800016c   0x00000000   Code   RO         4729    .ARM.Collect$$libinit$$00000025  c_w.l(libinit2.o)
    0x0800016c   0x0800016c   0x00000000   Code   RO         4733    .ARM.Collect$$libinit$$0000002C  c_w.l(libinit2.o)
    0x0800016c   0x0800016c   0x00000000   Code   RO         4735    .ARM.Collect$$libinit$$0000002E  c_w.l(libinit2.o)
    0x0800016c   0x0800016c   0x00000000   Code   RO         4737    .ARM.Collect$$libinit$$00000030  c_w.l(libinit2.o)
    0x0800016c   0x0800016c   0x00000000   Code   RO         4739    .ARM.Collect$$libinit$$00000032  c_w.l(libinit2.o)
    0x0800016c   0x0800016c   0x00000002   Code   RO         4740    .ARM.Collect$$libinit$$00000033  c_w.l(libinit2.o)
    0x0800016e   0x0800016e   0x00000002   Code   RO         4770    .ARM.Collect$$libshutdown$$00000000  c_w.l(libshutdown.o)
    0x08000170   0x08000170   0x00000000   Code   RO         4787    .ARM.Collect$$libshutdown$$00000002  c_w.l(libshutdown2.o)
    0x08000170   0x08000170   0x00000000   Code   RO         4789    .ARM.Collect$$libshutdown$$00000004  c_w.l(libshutdown2.o)
    0x08000170   0x08000170   0x00000000   Code   RO         4791    .ARM.Collect$$libshutdown$$00000006  c_w.l(libshutdown2.o)
    0x08000170   0x08000170   0x00000000   Code   RO         4794    .ARM.Collect$$libshutdown$$00000009  c_w.l(libshutdown2.o)
    0x08000170   0x08000170   0x00000000   Code   RO         4797    .ARM.Collect$$libshutdown$$0000000C  c_w.l(libshutdown2.o)
    0x08000170   0x08000170   0x00000000   Code   RO         4799    .ARM.Collect$$libshutdown$$0000000E  c_w.l(libshutdown2.o)
    0x08000170   0x08000170   0x00000000   Code   RO         4802    .ARM.Collect$$libshutdown$$00000011  c_w.l(libshutdown2.o)
    0x08000170   0x08000170   0x00000002   Code   RO         4803    .ARM.Collect$$libshutdown$$00000012  c_w.l(libshutdown2.o)
    0x08000172   0x08000172   0x00000000   Code   RO         4573    .ARM.Collect$$rtentry$$00000000  c_w.l(__rtentry.o)
    0x08000172   0x08000172   0x00000000   Code   RO         4638    .ARM.Collect$$rtentry$$00000002  c_w.l(__rtentry2.o)
    0x08000172   0x08000172   0x00000006   Code   RO         4650    .ARM.Collect$$rtentry$$00000004  c_w.l(__rtentry4.o)
    0x08000178   0x08000178   0x00000000   Code   RO         4640    .ARM.Collect$$rtentry$$00000009  c_w.l(__rtentry2.o)
    0x08000178   0x08000178   0x00000004   Code   RO         4641    .ARM.Collect$$rtentry$$0000000A  c_w.l(__rtentry2.o)
    0x0800017c   0x0800017c   0x00000000   Code   RO         4643    .ARM.Collect$$rtentry$$0000000C  c_w.l(__rtentry2.o)
    0x0800017c   0x0800017c   0x00000008   Code   RO         4644    .ARM.Collect$$rtentry$$0000000D  c_w.l(__rtentry2.o)
    0x08000184   0x08000184   0x00000002   Code   RO         4690    .ARM.Collect$$rtexit$$00000000  c_w.l(rtexit.o)
    0x08000186   0x08000186   0x00000000   Code   RO         4742    .ARM.Collect$$rtexit$$00000002  c_w.l(rtexit2.o)
    0x08000186   0x08000186   0x00000004   Code   RO         4743    .ARM.Collect$$rtexit$$00000003  c_w.l(rtexit2.o)
    0x0800018a   0x0800018a   0x00000006   Code   RO         4744    .ARM.Collect$$rtexit$$00000004  c_w.l(rtexit2.o)
    0x08000190   0x08000190   0x00000040   Code   RO            4    .text               startup_stm32f103xb.o
    0x080001d0   0x080001d0   0x00000048   Code   RO         4459    .text               c_w.l(llsdiv.o)
    0x08000218   0x08000218   0x00000028   Code   RO         4463    .text               c_w.l(noretval__2sprintf.o)
    0x08000240   0x08000240   0x00000068   Code   RO         4465    .text               c_w.l(__printf.o)
    0x080002a8   0x080002a8   0x00000078   Code   RO         4467    .text               c_w.l(_printf_dec.o)
    0x08000320   0x08000320   0x00000024   Code   RO         4491    .text               c_w.l(strstr.o)
    0x08000344   0x08000344   0x00000058   Code   RO         4493    .text               c_w.l(memcmp.o)
    0x0800039c   0x0800039c   0x00000010   Code   RO         4495    .text               c_w.l(aeabi_memset.o)
    0x080003ac   0x080003ac   0x00000044   Code   RO         4497    .text               c_w.l(rt_memclr.o)
    0x080003f0   0x080003f0   0x0000004e   Code   RO         4499    .text               c_w.l(rt_memclr_w.o)
    0x0800043e   0x0800043e   0x00000006   Code   RO         4501    .text               c_w.l(heapauxi.o)
    0x08000444   0x08000444   0x000000ee   Code   RO         4574    .text               c_w.l(lludivv7m.o)
    0x08000532   0x08000532   0x00000016   Code   RO         4576    .text               c_w.l(_rserrno.o)
    0x08000548   0x08000548   0x000000b2   Code   RO         4578    .text               c_w.l(_printf_intcommon.o)
    0x080005fa   0x080005fa   0x00000002   PAD
    0x080005fc   0x080005fc   0x00000030   Code   RO         4580    .text               c_w.l(_printf_char_common.o)
    0x0800062c   0x0800062c   0x0000000a   Code   RO         4582    .text               c_w.l(_sputc.o)
    0x08000636   0x08000636   0x00000002   PAD
    0x08000638   0x08000638   0x00000008   Code   RO         4659    .text               c_w.l(rt_errno_addr_intlibspace.o)
    0x08000640   0x08000640   0x00000008   Code   RO         4673    .text               c_w.l(libspace.o)
    0x08000648   0x08000648   0x0000004a   Code   RO         4676    .text               c_w.l(sys_stackheap_outer.o)
    0x08000692   0x08000692   0x00000012   Code   RO         4680    .text               c_w.l(exit.o)
    0x080006a4   0x080006a4   0x0000000c   Code   RO         4758    .text               c_w.l(sys_exit.o)
    0x080006b0   0x080006b0   0x00000002   Code   RO         4775    .text               c_w.l(use_no_semi.o)
    0x080006b2   0x080006b2   0x00000000   Code   RO         4777    .text               c_w.l(indicate_semi.o)
    0x080006b2   0x080006b2   0x00000002   Code   RO         1522    i.BusFault_Handler  stm32f1xx_it.o
    0x080006b4   0x080006b4   0x00000002   Code   RO         1523    i.DebugMon_Handler  stm32f1xx_it.o
    0x080006b6   0x080006b6   0x00000004   Code   RO         1204    i.Error_Handler     main.o
    0x080006ba   0x080006ba   0x00000046   Code   RO         2488    i.HAL_DMA_Abort     stm32f1xx_hal_dma.o
    0x08000700   0x08000700   0x00000098   Code   RO         2489    i.HAL_DMA_Abort_IT  stm32f1xx_hal_dma.o
    0x08000798   0x08000798   0x00000024   Code   RO         2114    i.HAL_Delay         stm32f1xx_hal.o
    0x080007bc   0x080007bc   0x000001e0   Code   RO         2424    i.HAL_GPIO_Init     stm32f1xx_hal_gpio.o
    0x0800099c   0x0800099c   0x0000000a   Code   RO         2426    i.HAL_GPIO_ReadPin  stm32f1xx_hal_gpio.o
    0x080009a6   0x080009a6   0x0000000a   Code   RO         2428    i.HAL_GPIO_WritePin  stm32f1xx_hal_gpio.o
    0x080009b0   0x080009b0   0x0000000c   Code   RO         2118    i.HAL_GetTick       stm32f1xx_hal.o
    0x080009bc   0x080009bc   0x00000188   Code   RO         1681    i.HAL_I2C_Init      stm32f1xx_hal_i2c.o
    0x08000b44   0x08000b44   0x00000070   Code   RO         1343    i.HAL_I2C_MspInit   i2c.o
    0x08000bb4   0x08000bb4   0x00000010   Code   RO         2124    i.HAL_IncTick       stm32f1xx_hal.o
    0x08000bc4   0x08000bc4   0x00000024   Code   RO         2125    i.HAL_Init          stm32f1xx_hal.o
    0x08000be8   0x08000be8   0x00000040   Code   RO         2126    i.HAL_InitTick      stm32f1xx_hal.o
    0x08000c28   0x08000c28   0x0000003c   Code   RO         1610    i.HAL_MspInit       stm32f1xx_hal_msp.o
    0x08000c64   0x08000c64   0x0000001a   Code   RO         2584    i.HAL_NVIC_EnableIRQ  stm32f1xx_hal_cortex.o
    0x08000c7e   0x08000c7e   0x00000002   PAD
    0x08000c80   0x08000c80   0x00000040   Code   RO         2590    i.HAL_NVIC_SetPriority  stm32f1xx_hal_cortex.o
    0x08000cc0   0x08000cc0   0x00000024   Code   RO         2591    i.HAL_NVIC_SetPriorityGrouping  stm32f1xx_hal_cortex.o
    0x08000ce4   0x08000ce4   0x0000012c   Code   RO         2282    i.HAL_RCC_ClockConfig  stm32f1xx_hal_rcc.o
    0x08000e10   0x08000e10   0x00000020   Code   RO         2289    i.HAL_RCC_GetPCLK1Freq  stm32f1xx_hal_rcc.o
    0x08000e30   0x08000e30   0x00000020   Code   RO         2290    i.HAL_RCC_GetPCLK2Freq  stm32f1xx_hal_rcc.o
    0x08000e50   0x08000e50   0x0000004c   Code   RO         2291    i.HAL_RCC_GetSysClockFreq  stm32f1xx_hal_rcc.o
    0x08000e9c   0x08000e9c   0x00000320   Code   RO         2294    i.HAL_RCC_OscConfig  stm32f1xx_hal_rcc.o
    0x080011bc   0x080011bc   0x00000028   Code   RO         2595    i.HAL_SYSTICK_Config  stm32f1xx_hal_cortex.o
    0x080011e4   0x080011e4   0x00000002   Code   RO         3790    i.HAL_TIMEx_BreakCallback  stm32f1xx_hal_tim_ex.o
    0x080011e6   0x080011e6   0x00000002   Code   RO         3791    i.HAL_TIMEx_CommutCallback  stm32f1xx_hal_tim_ex.o
    0x080011e8   0x080011e8   0x00000054   Code   RO         3793    i.HAL_TIMEx_ConfigBreakDeadTime  stm32f1xx_hal_tim_ex.o
    0x0800123c   0x0800123c   0x00000068   Code   RO         3809    i.HAL_TIMEx_MasterConfigSynchronization  stm32f1xx_hal_tim_ex.o
    0x080012a4   0x080012a4   0x0000005a   Code   RO         3086    i.HAL_TIM_Base_Init  stm32f1xx_hal_tim.o
    0x080012fe   0x080012fe   0x00000002   PAD
    0x08001300   0x08001300   0x0000003c   Code   RO         1385    i.HAL_TIM_Base_MspInit  tim.o
    0x0800133c   0x0800133c   0x00000058   Code   RO         3091    i.HAL_TIM_Base_Start_IT  stm32f1xx_hal_tim.o
    0x08001394   0x08001394   0x000000dc   Code   RO         3095    i.HAL_TIM_ConfigClockSource  stm32f1xx_hal_tim.o
    0x08001470   0x08001470   0x000000a4   Code   RO         3107    i.HAL_TIM_Encoder_Init  stm32f1xx_hal_tim.o
    0x08001514   0x08001514   0x0000008c   Code   RO         1387    i.HAL_TIM_Encoder_MspInit  tim.o
    0x080015a0   0x080015a0   0x0000008e   Code   RO         3110    i.HAL_TIM_Encoder_Start  stm32f1xx_hal_tim.o
    0x0800162e   0x0800162e   0x00000002   Code   RO         3120    i.HAL_TIM_IC_CaptureCallback  stm32f1xx_hal_tim.o
    0x08001630   0x08001630   0x00000130   Code   RO         3134    i.HAL_TIM_IRQHandler  stm32f1xx_hal_tim.o
    0x08001760   0x08001760   0x0000004c   Code   RO         1388    i.HAL_TIM_MspPostInit  tim.o
    0x080017ac   0x080017ac   0x00000002   Code   RO         3137    i.HAL_TIM_OC_DelayElapsedCallback  stm32f1xx_hal_tim.o
    0x080017ae   0x080017ae   0x000000cc   Code   RO         3158    i.HAL_TIM_PWM_ConfigChannel  stm32f1xx_hal_tim.o
    0x0800187a   0x0800187a   0x0000005a   Code   RO         3161    i.HAL_TIM_PWM_Init  stm32f1xx_hal_tim.o
    0x080018d4   0x080018d4   0x00000028   Code   RO         1390    i.HAL_TIM_PWM_MspInit  tim.o
    0x080018fc   0x080018fc   0x00000002   Code   RO         3164    i.HAL_TIM_PWM_PulseFinishedCallback  stm32f1xx_hal_tim.o
    0x080018fe   0x080018fe   0x00000002   PAD
    0x08001900   0x08001900   0x0000009c   Code   RO         3166    i.HAL_TIM_PWM_Start  stm32f1xx_hal_tim.o
    0x0800199c   0x0800199c   0x00000020   Code   RO         1205    i.HAL_TIM_PeriodElapsedCallback  main.o
    0x080019bc   0x080019bc   0x00000002   Code   RO         3177    i.HAL_TIM_TriggerCallback  stm32f1xx_hal_tim.o
    0x080019be   0x080019be   0x00000002   Code   RO         4069    i.HAL_UARTEx_RxEventCallback  stm32f1xx_hal_uart.o
    0x080019c0   0x080019c0   0x00000002   Code   RO         4083    i.HAL_UART_ErrorCallback  stm32f1xx_hal_uart.o
    0x080019c2   0x080019c2   0x0000000a   Code   RO         4085    i.HAL_UART_GetState  stm32f1xx_hal_uart.o
    0x080019cc   0x080019cc   0x0000026c   Code   RO         4086    i.HAL_UART_IRQHandler  stm32f1xx_hal_uart.o
    0x08001c38   0x08001c38   0x00000064   Code   RO         4087    i.HAL_UART_Init     stm32f1xx_hal_uart.o
    0x08001c9c   0x08001c9c   0x000000d0   Code   RO         1475    i.HAL_UART_MspInit  usart.o
    0x08001d6c   0x08001d6c   0x0000001c   Code   RO         4092    i.HAL_UART_Receive_IT  stm32f1xx_hal_uart.o
    0x08001d88   0x08001d88   0x00000084   Code   RO         1206    i.HAL_UART_RxCpltCallback  main.o
    0x08001e0c   0x08001e0c   0x000000a0   Code   RO         4095    i.HAL_UART_Transmit  stm32f1xx_hal_uart.o
    0x08001eac   0x08001eac   0x00000002   Code   RO         4098    i.HAL_UART_TxCpltCallback  stm32f1xx_hal_uart.o
    0x08001eae   0x08001eae   0x00000002   Code   RO         1524    i.HardFault_Handler  stm32f1xx_it.o
    0x08001eb0   0x08001eb0   0x00000044   Code   RO          908    i.I2C_Start         oled.o
    0x08001ef4   0x08001ef4   0x00000034   Code   RO          909    i.I2C_Stop          oled.o
    0x08001f28   0x08001f28   0x00000038   Code   RO          910    i.I2C_WaitAck       oled.o
    0x08001f60   0x08001f60   0x00000040   Code   RO           13    i.IIC_Ack           iic.o
    0x08001fa0   0x08001fa0   0x0000000c   Code   RO           15    i.IIC_Delay         iic.o
    0x08001fac   0x08001fac   0x0000003c   Code   RO           16    i.IIC_GPIO_Init     iic.o
    0x08001fe8   0x08001fe8   0x00000038   Code   RO           17    i.IIC_NAck          iic.o
    0x08002020   0x08002020   0x00000058   Code   RO           18    i.IIC_Read_Byte     iic.o
    0x08002078   0x08002078   0x0000005c   Code   RO           19    i.IIC_Send_Byte     iic.o
    0x080020d4   0x080020d4   0x00000040   Code   RO           20    i.IIC_Start         iic.o
    0x08002114   0x08002114   0x00000030   Code   RO           21    i.IIC_Stop          iic.o
    0x08002144   0x08002144   0x00000048   Code   RO           22    i.IIC_Wait_Ack      iic.o
    0x0800218c   0x0800218c   0x0000000a   Code   RO          911    i.IIC_delay         oled.o
    0x08002196   0x08002196   0x00000032   Code   RO          733    i.MPU_Get_Accelerometer  mpu6050.o
    0x080021c8   0x080021c8   0x00000032   Code   RO          734    i.MPU_Get_Gyroscope  mpu6050.o
    0x080021fa   0x080021fa   0x00000002   PAD
    0x080021fc   0x080021fc   0x0000006c   Code   RO          738    i.MPU_Read_Len      mpu6050.o
    0x08002268   0x08002268   0x00000052   Code   RO          744    i.MPU_Write_Len     mpu6050.o
    0x080022ba   0x080022ba   0x00000002   PAD
    0x080022bc   0x080022bc   0x00000090   Code   RO         1318    i.MX_GPIO_Init      gpio.o
    0x0800234c   0x0800234c   0x00000040   Code   RO         1344    i.MX_I2C1_Init      i2c.o
    0x0800238c   0x0800238c   0x000000b4   Code   RO         1391    i.MX_TIM1_Init      tim.o
    0x08002440   0x08002440   0x00000068   Code   RO         1392    i.MX_TIM2_Init      tim.o
    0x080024a8   0x080024a8   0x00000068   Code   RO         1393    i.MX_TIM3_Init      tim.o
    0x08002510   0x08002510   0x0000006c   Code   RO         1394    i.MX_TIM4_Init      tim.o
    0x0800257c   0x0800257c   0x00000038   Code   RO         1476    i.MX_USART2_UART_Init  usart.o
    0x080025b4   0x080025b4   0x00000038   Code   RO         1477    i.MX_USART3_UART_Init  usart.o
    0x080025ec   0x080025ec   0x00000002   Code   RO         1525    i.MemManage_Handler  stm32f1xx_it.o
    0x080025ee   0x080025ee   0x00000002   Code   RO         1526    i.NMI_Handler       stm32f1xx_it.o
    0x080025f0   0x080025f0   0x0000002c   Code   RO          912    i.OLED_Clear        oled.o
    0x0800261c   0x0800261c   0x0000002c   Code   RO          919    i.OLED_DrawPoint    oled.o
    0x08002648   0x08002648   0x00000144   Code   RO          920    i.OLED_Init         oled.o
    0x0800278c   0x0800278c   0x00000068   Code   RO          922    i.OLED_Refresh      oled.o
    0x080027f4   0x080027f4   0x000000e4   Code   RO          924    i.OLED_ShowChar     oled.o
    0x080028d8   0x080028d8   0x0000003c   Code   RO          928    i.OLED_ShowString   oled.o
    0x08002914   0x08002914   0x00000036   Code   RO          929    i.OLED_WR_Byte      oled.o
    0x0800294a   0x0800294a   0x00000002   Code   RO         1527    i.PendSV_Handler    stm32f1xx_it.o
    0x0800294c   0x0800294c   0x00000002   Code   RO         1528    i.SVC_Handler       stm32f1xx_it.o
    0x0800294e   0x0800294e   0x00000002   PAD
    0x08002950   0x08002950   0x00000054   Code   RO          930    i.Send_Byte         oled.o
    0x080029a4   0x080029a4   0x00000004   Code   RO         1529    i.SysTick_Handler   stm32f1xx_it.o
    0x080029a8   0x080029a8   0x0000005e   Code   RO         1207    i.SystemClock_Config  main.o
    0x08002a06   0x08002a06   0x00000002   Code   RO         4421    i.SystemInit        system_stm32f1xx.o
    0x08002a08   0x08002a08   0x0000000c   Code   RO         1530    i.TIM3_IRQHandler   stm32f1xx_it.o
    0x08002a14   0x08002a14   0x00000078   Code   RO         3179    i.TIM_Base_SetConfig  stm32f1xx_hal_tim.o
    0x08002a8c   0x08002a8c   0x0000001a   Code   RO         3180    i.TIM_CCxChannelCmd  stm32f1xx_hal_tim.o
    0x08002aa6   0x08002aa6   0x00000014   Code   RO         3190    i.TIM_ETR_SetConfig  stm32f1xx_hal_tim.o
    0x08002aba   0x08002aba   0x00000010   Code   RO         3191    i.TIM_ITRx_SetConfig  stm32f1xx_hal_tim.o
    0x08002aca   0x08002aca   0x00000002   PAD
    0x08002acc   0x08002acc   0x00000050   Code   RO         3192    i.TIM_OC1_SetConfig  stm32f1xx_hal_tim.o
    0x08002b1c   0x08002b1c   0x00000058   Code   RO         3193    i.TIM_OC2_SetConfig  stm32f1xx_hal_tim.o
    0x08002b74   0x08002b74   0x00000058   Code   RO         3194    i.TIM_OC3_SetConfig  stm32f1xx_hal_tim.o
    0x08002bcc   0x08002bcc   0x00000044   Code   RO         3195    i.TIM_OC4_SetConfig  stm32f1xx_hal_tim.o
    0x08002c10   0x08002c10   0x00000022   Code   RO         3197    i.TIM_TI1_ConfigInputStage  stm32f1xx_hal_tim.o
    0x08002c32   0x08002c32   0x00000024   Code   RO         3199    i.TIM_TI2_ConfigInputStage  stm32f1xx_hal_tim.o
    0x08002c56   0x08002c56   0x00000002   PAD
    0x08002c58   0x08002c58   0x0000002c   Code   RO         1077    i.Turn              pid.o
    0x08002c84   0x08002c84   0x00000010   Code   RO         4100    i.UART_DMAAbortOnError  stm32f1xx_hal_uart.o
    0x08002c94   0x08002c94   0x0000004e   Code   RO         4110    i.UART_EndRxTransfer  stm32f1xx_hal_uart.o
    0x08002ce2   0x08002ce2   0x000000c2   Code   RO         4112    i.UART_Receive_IT   stm32f1xx_hal_uart.o
    0x08002da4   0x08002da4   0x000000b8   Code   RO         4113    i.UART_SetConfig    stm32f1xx_hal_uart.o
    0x08002e5c   0x08002e5c   0x00000036   Code   RO         4115    i.UART_Start_Receive_IT  stm32f1xx_hal_uart.o
    0x08002e92   0x08002e92   0x00000072   Code   RO         4116    i.UART_WaitOnFlagUntilTimeout  stm32f1xx_hal_uart.o
    0x08002f04   0x08002f04   0x0000000c   Code   RO         1531    i.USART2_IRQHandler  stm32f1xx_it.o
    0x08002f10   0x08002f10   0x00000002   Code   RO         1532    i.UsageFault_Handler  stm32f1xx_it.o
    0x08002f12   0x08002f12   0x00000002   PAD
    0x08002f14   0x08002f14   0x00000034   Code   RO         1078    i.Vertical          pid.o
    0x08002f48   0x08002f48   0x00000028   Code   RO         4624    i.__ARM_fpclassify  m_ws.l(fpclassify.o)
    0x08002f70   0x08002f70   0x00000020   Code   RO         2597    i.__NVIC_SetPriority  stm32f1xx_hal_cortex.o
    0x08002f90   0x08002f90   0x000000aa   Code   RO         4626    i.__kernel_poly     m_ws.l(poly.o)
    0x0800303a   0x0800303a   0x00000006   Code   RO         4611    i.__mathlib_dbl_infnan  m_ws.l(dunder.o)
    0x08003040   0x08003040   0x00000004   Code   RO         4612    i.__mathlib_dbl_infnan2  m_ws.l(dunder.o)
    0x08003044   0x08003044   0x0000000c   Code   RO         4613    i.__mathlib_dbl_invalid  m_ws.l(dunder.o)
    0x08003050   0x08003050   0x00000010   Code   RO         4616    i.__mathlib_dbl_underflow  m_ws.l(dunder.o)
    0x08003060   0x08003060   0x00000080   Code   RO          184    i.accel_self_test   inv_mpu.o
    0x080030e0   0x080030e0   0x00000270   Code   RO         4556    i.asin              m_ws.l(asin.o)
    0x08003350   0x08003350   0x00000220   Code   RO         4601    i.atan              m_ws.l(atan.o)
    0x08003570   0x08003570   0x0000019c   Code   RO         4566    i.atan2             m_ws.l(atan2.o)
    0x0800370c   0x0800370c   0x000000a4   Code   RO         1079    i.control           pid.o
    0x080037b0   0x080037b0   0x0000003a   Code   RO          544    i.dmp_enable_6x_lp_quat  inv_mpu_dmp_motion_driver.o
    0x080037ea   0x080037ea   0x00000002   PAD
    0x080037ec   0x080037ec   0x000001d8   Code   RO          545    i.dmp_enable_feature  inv_mpu_dmp_motion_driver.o
    0x080039c4   0x080039c4   0x0000003c   Code   RO          546    i.dmp_enable_gyro_cal  inv_mpu_dmp_motion_driver.o
    0x08003a00   0x08003a00   0x0000003a   Code   RO          547    i.dmp_enable_lp_quat  inv_mpu_dmp_motion_driver.o
    0x08003a3a   0x08003a3a   0x00000002   PAD
    0x08003a3c   0x08003a3c   0x00000014   Code   RO          552    i.dmp_load_motion_driver_firmware  inv_mpu_dmp_motion_driver.o
    0x08003a50   0x08003a50   0x00000164   Code   RO          553    i.dmp_read_fifo     inv_mpu_dmp_motion_driver.o
    0x08003bb4   0x08003bb4   0x00000064   Code   RO          557    i.dmp_set_fifo_rate  inv_mpu_dmp_motion_driver.o
    0x08003c18   0x08003c18   0x0000010c   Code   RO          560    i.dmp_set_orientation  inv_mpu_dmp_motion_driver.o
    0x08003d24   0x08003d24   0x00000030   Code   RO          563    i.dmp_set_shake_reject_thresh  inv_mpu_dmp_motion_driver.o
    0x08003d54   0x08003d54   0x00000020   Code   RO          564    i.dmp_set_shake_reject_time  inv_mpu_dmp_motion_driver.o
    0x08003d74   0x08003d74   0x00000020   Code   RO          565    i.dmp_set_shake_reject_timeout  inv_mpu_dmp_motion_driver.o
    0x08003d94   0x08003d94   0x00000040   Code   RO          566    i.dmp_set_tap_axes  inv_mpu_dmp_motion_driver.o
    0x08003dd4   0x08003dd4   0x00000022   Code   RO          567    i.dmp_set_tap_count  inv_mpu_dmp_motion_driver.o
    0x08003df6   0x08003df6   0x00000002   PAD
    0x08003df8   0x08003df8   0x00000128   Code   RO          568    i.dmp_set_tap_thresh  inv_mpu_dmp_motion_driver.o
    0x08003f20   0x08003f20   0x00000020   Code   RO          569    i.dmp_set_tap_time  inv_mpu_dmp_motion_driver.o
    0x08003f40   0x08003f40   0x00000020   Code   RO          570    i.dmp_set_tap_time_multi  inv_mpu_dmp_motion_driver.o
    0x08003f60   0x08003f60   0x00000020   Code   RO          875    i.enc_init          motorenc.o
    0x08003f80   0x08003f80   0x00000048   Code   RO         1150    i.esp8266_send_cmd  esp.o
    0x08003fc8   0x08003fc8   0x00000120   Code   RO         1151    i.esp8266_start_trans  esp.o
    0x080040e8   0x080040e8   0x000000ac   Code   RO          185    i.get_accel_prod_shift  inv_mpu.o
    0x08004194   0x08004194   0x00000314   Code   RO          186    i.get_st_biases     inv_mpu.o
    0x080044a8   0x080044a8   0x000000d4   Code   RO          187    i.gyro_self_test    inv_mpu.o
    0x0800457c   0x0800457c   0x00000022   Code   RO          188    i.inv_orientation_matrix_to_scalar  inv_mpu.o
    0x0800459e   0x0800459e   0x00000048   Code   RO          189    i.inv_row_2_scale   inv_mpu.o
    0x080045e6   0x080045e6   0x0000002a   Code   RO          823    i.limit             tb6612.o
    0x08004610   0x08004610   0x00000448   Code   RO         1208    i.main              main.o
    0x08004a58   0x08004a58   0x00000002   Code   RO          190    i.mget_ms           inv_mpu.o
    0x08004a5a   0x08004a5a   0x00000002   PAD
    0x08004a5c   0x08004a5c   0x00000084   Code   RO         1209    i.mode1             main.o
    0x08004ae0   0x08004ae0   0x000000b4   Code   RO         1210    i.mode2             main.o
    0x08004b94   0x08004b94   0x00000224   Code   RO         1211    i.mode3             main.o
    0x08004db8   0x08004db8   0x00000124   Code   RO         1212    i.mode4             main.o
    0x08004edc   0x08004edc   0x0000007c   Code   RO          824    i.motorcontrol      tb6612.o
    0x08004f58   0x08004f58   0x00000054   Code   RO          191    i.mpu_configure_fifo  inv_mpu.o
    0x08004fac   0x08004fac   0x0000019c   Code   RO          192    i.mpu_dmp_get_data  inv_mpu.o
    0x08005148   0x08005148   0x0000009c   Code   RO          193    i.mpu_dmp_init      inv_mpu.o
    0x080051e4   0x080051e4   0x0000003c   Code   RO          194    i.mpu_get_accel_fsr  inv_mpu.o
    0x08005220   0x08005220   0x00000044   Code   RO          196    i.mpu_get_accel_sens  inv_mpu.o
    0x08005264   0x08005264   0x00000034   Code   RO          202    i.mpu_get_gyro_fsr  inv_mpu.o
    0x08005298   0x08005298   0x00000040   Code   RO          204    i.mpu_get_gyro_sens  inv_mpu.o
    0x080052d8   0x080052d8   0x00000038   Code   RO          206    i.mpu_get_lpf       inv_mpu.o
    0x08005310   0x08005310   0x0000001c   Code   RO          208    i.mpu_get_sample_rate  inv_mpu.o
    0x0800532c   0x0800532c   0x00000124   Code   RO          210    i.mpu_init          inv_mpu.o
    0x08005450   0x08005450   0x000000a0   Code   RO          211    i.mpu_load_firmware  inv_mpu.o
    0x080054f0   0x080054f0   0x000000b8   Code   RO          212    i.mpu_lp_accel_mode  inv_mpu.o
    0x080055a8   0x080055a8   0x00000090   Code   RO          215    i.mpu_read_fifo_stream  inv_mpu.o
    0x08005638   0x08005638   0x00000054   Code   RO          216    i.mpu_read_mem      inv_mpu.o
    0x0800568c   0x0800568c   0x00000160   Code   RO          219    i.mpu_reset_fifo    inv_mpu.o
    0x080057ec   0x080057ec   0x000000f0   Code   RO          220    i.mpu_run_self_test  inv_mpu.o
    0x080058dc   0x080058dc   0x00000068   Code   RO          222    i.mpu_set_accel_fsr  inv_mpu.o
    0x08005944   0x08005944   0x000000dc   Code   RO          223    i.mpu_set_bypass    inv_mpu.o
    0x08005a20   0x08005a20   0x00000078   Code   RO          225    i.mpu_set_dmp_state  inv_mpu.o
    0x08005a98   0x08005a98   0x0000006c   Code   RO          226    i.mpu_set_gyro_fsr  inv_mpu.o
    0x08005b04   0x08005b04   0x00000064   Code   RO          227    i.mpu_set_int_latched  inv_mpu.o
    0x08005b68   0x08005b68   0x0000006c   Code   RO          229    i.mpu_set_lpf       inv_mpu.o
    0x08005bd4   0x08005bd4   0x00000080   Code   RO          230    i.mpu_set_sample_rate  inv_mpu.o
    0x08005c54   0x08005c54   0x000000b8   Code   RO          231    i.mpu_set_sensors   inv_mpu.o
    0x08005d0c   0x08005d0c   0x00000054   Code   RO          232    i.mpu_write_mem     inv_mpu.o
    0x08005d60   0x08005d60   0x00000024   Code   RO         1213    i.read              main.o
    0x08005d84   0x08005d84   0x0000000c   Code   RO          876    i.read_enc          motorenc.o
    0x08005d90   0x08005d90   0x0000005e   Code   RO          233    i.run_self_test     inv_mpu.o
    0x08005dee   0x08005dee   0x00000002   PAD
    0x08005df0   0x08005df0   0x00000058   Code   RO          234    i.set_int_enable    inv_mpu.o
    0x08005e48   0x08005e48   0x0000004c   Code   RO         4630    i.sqrt              m_ws.l(sqrt.o)
    0x08005e94   0x08005e94   0x0000001c   Code   RO          825    i.tb6612_init       tb6612.o
    0x08005eb0   0x08005eb0   0x00000050   Code   RO         1153    i.u2_printf         esp.o
    0x08005f00   0x08005f00   0x00000080   Code   RO         1080    i.velocity          pid.o
    0x08005f80   0x08005f80   0x00000062   Code   RO         4505    x$fpl$d2f           fz_ws.l(d2f.o)
    0x08005fe2   0x08005fe2   0x00000002   PAD
    0x08005fe4   0x08005fe4   0x00000150   Code   RO         4507    x$fpl$dadd          fz_ws.l(daddsub_clz.o)
    0x08006134   0x08006134   0x00000010   Code   RO         4663    x$fpl$dcheck1       fz_ws.l(dcheck1.o)
    0x08006144   0x08006144   0x00000018   Code   RO         4665    x$fpl$dcmpinf       fz_ws.l(dcmpi.o)
    0x0800615c   0x0800615c   0x000002b0   Code   RO         4514    x$fpl$ddiv          fz_ws.l(ddiv.o)
    0x0800640c   0x0800640c   0x00000078   Code   RO         4585    x$fpl$deqf          fz_ws.l(deqf.o)
    0x08006484   0x08006484   0x00000154   Code   RO         4523    x$fpl$dmul          fz_ws.l(dmul.o)
    0x080065d8   0x080065d8   0x0000009c   Code   RO         4587    x$fpl$dnaninf       fz_ws.l(dnaninf.o)
    0x08006674   0x08006674   0x0000000c   Code   RO         4589    x$fpl$dretinf       fz_ws.l(dretinf.o)
    0x08006680   0x08006680   0x00000016   Code   RO         4508    x$fpl$drsb          fz_ws.l(daddsub_clz.o)
    0x08006696   0x08006696   0x00000002   PAD
    0x08006698   0x08006698   0x000001cc   Code   RO         4669    x$fpl$dsqrt         fz_ws.l(dsqrt_noumaal.o)
    0x08006864   0x08006864   0x000001d4   Code   RO         4509    x$fpl$dsub          fz_ws.l(daddsub_clz.o)
    0x08006a38   0x08006a38   0x00000056   Code   RO         4525    x$fpl$f2d           fz_ws.l(f2d.o)
    0x08006a8e   0x08006a8e   0x00000002   PAD
    0x08006a90   0x08006a90   0x000000c4   Code   RO         4527    x$fpl$fadd          fz_ws.l(faddsub_clz.o)
    0x08006b54   0x08006b54   0x0000000c   Code   RO         4591    x$fpl$fcheck1       fz_ws.l(fcheck1.o)
    0x08006b60   0x08006b60   0x00000184   Code   RO         4534    x$fpl$fdiv          fz_ws.l(fdiv.o)
    0x08006ce4   0x08006ce4   0x00000036   Code   RO         4537    x$fpl$ffix          fz_ws.l(ffix.o)
    0x08006d1a   0x08006d1a   0x00000002   PAD
    0x08006d1c   0x08006d1c   0x0000003e   Code   RO         4541    x$fpl$ffixu         fz_ws.l(ffixu.o)
    0x08006d5a   0x08006d5a   0x00000002   PAD
    0x08006d5c   0x08006d5c   0x00000030   Code   RO         4546    x$fpl$fflt          fz_ws.l(fflt_clz.o)
    0x08006d8c   0x08006d8c   0x00000026   Code   RO         4545    x$fpl$ffltu         fz_ws.l(fflt_clz.o)
    0x08006db2   0x08006db2   0x00000002   PAD
    0x08006db4   0x08006db4   0x00000102   Code   RO         4551    x$fpl$fmul          fz_ws.l(fmul.o)
    0x08006eb6   0x08006eb6   0x0000008c   Code   RO         4593    x$fpl$fnaninf       fz_ws.l(fnaninf.o)
    0x08006f42   0x08006f42   0x0000000a   Code   RO         4595    x$fpl$fretinf       fz_ws.l(fretinf.o)
    0x08006f4c   0x08006f4c   0x00000014   Code   RO         4528    x$fpl$frsb          fz_ws.l(faddsub_clz.o)
    0x08006f60   0x08006f60   0x000000ea   Code   RO         4529    x$fpl$fsub          fz_ws.l(faddsub_clz.o)
    0x0800704a   0x0800704a   0x00000064   Code   RO         4671    x$fpl$retnan        fz_ws.l(retnan.o)
    0x080070ae   0x080070ae   0x0000005c   Code   RO         4597    x$fpl$scalbn        fz_ws.l(scalbn.o)
    0x0800710a   0x0800710a   0x0000004c   Code   RO         4553    x$fpl$scalbnf       fz_ws.l(scalbnf.o)
    0x08007156   0x08007156   0x00000030   Code   RO         4688    x$fpl$trapveneer    fz_ws.l(trapv.o)
    0x08007186   0x08007186   0x00000000   Code   RO         4599    x$fpl$usenofp       fz_ws.l(usenofp.o)
    0x08007186   0x08007186   0x0000001b   Data   RO          236    .constdata          inv_mpu.o
    0x080071a1   0x080071a1   0x00000001   PAD
    0x080071a2   0x080071a2   0x0000000c   Data   RO          237    .constdata          inv_mpu.o
    0x080071ae   0x080071ae   0x00000002   PAD
    0x080071b0   0x080071b0   0x00000028   Data   RO          238    .constdata          inv_mpu.o
    0x080071d8   0x080071d8   0x00000bf6   Data   RO          572    .constdata          inv_mpu_dmp_motion_driver.o
    0x08007dce   0x08007dce   0x00001e10   Data   RO          932    .constdata          oled.o
    0x08009bde   0x08009bde   0x00000012   Data   RO         2295    .constdata          stm32f1xx_hal_rcc.o
    0x08009bf0   0x08009bf0   0x00000010   Data   RO         4422    .constdata          system_stm32f1xx.o
    0x08009c00   0x08009c00   0x00000008   Data   RO         4423    .constdata          system_stm32f1xx.o
    0x08009c08   0x08009c08   0x00000050   Data   RO         4557    .constdata          m_ws.l(asin.o)
    0x08009c58   0x08009c58   0x00000098   Data   RO         4602    .constdata          m_ws.l(atan.o)
    0x08009cf0   0x08009cf0   0x00000008   Data   RO         4628    .constdata          m_ws.l(qnan.o)
    0x08009cf8   0x08009cf8   0x00000020   Data   RO         4820    Region$$Table       anon$$obj.o


    Execution Region RW_IRAM1 (Exec base: 0x20000000, Load base: 0x08009d18, Size: 0x00000f00, Max: 0x00005000, ABSOLUTE)

    Exec Addr    Load Addr    Size         Type   Attr      Idx    E Section Name        Object

    0x20000000   0x08009d18   0x00000035   Data   RW          239    .data               inv_mpu.o
    0x20000035   0x08009d4d   0x00000003   PAD
    0x20000038   0x08009d50   0x00000060   Data   RW         1083    .data               pid.o
    0x20000098   0x08009db0   0x00000020   Data   RW         1220    .data               main.o
    0x200000b8   0x08009dd0   0x0000000c   Data   RW         2132    .data               stm32f1xx_hal.o
    0x200000c4   0x08009ddc   0x00000004   Data   RW         4424    .data               system_stm32f1xx.o
    0x200000c8        -       0x00000010   Zero   RW          571    .bss                inv_mpu_dmp_motion_driver.o
    0x200000d8        -       0x00000480   Zero   RW          931    .bss                oled.o
    0x20000558        -       0x00000141   Zero   RW         1214    .bss                main.o
    0x20000699   0x08009de0   0x00000003   PAD
    0x2000069c        -       0x00000054   Zero   RW         1345    .bss                i2c.o
    0x200006f0        -       0x00000120   Zero   RW         1395    .bss                tim.o
    0x20000810        -       0x00000090   Zero   RW         1478    .bss                usart.o
    0x200008a0        -       0x00000060   Zero   RW         4674    .bss                c_w.l(libspace.o)
    0x20000900        -       0x00000200   Zero   RW            2    HEAP                startup_stm32f103xb.o
    0x20000b00        -       0x00000400   Zero   RW            1    STACK               startup_stm32f103xb.o


==============================================================================

Image component sizes


      Code (inc. data)   RO Data    RW Data    ZI Data      Debug   Object Name

       440        126          0          0          0       1949   esp.o
       144          8          0          0          0        871   gpio.o
       176         30          0          0         84       1489   i2c.o
       556         46          0          0          0     438187   iic.o
      5182        210         79         53          0      28494   inv_mpu.o
      1962        104       3062          0         16      17057   inv_mpu_dmp_motion_driver.o
      2546        380          0         32        321      33456   main.o
        44         10          0          0          0       1182   motorenc.o
       290          0          0          0          0       3344   mpu6050.o
      1128         58       7696          0       1152       7940   oled.o
       388         36          0         96          0       3775   pid.o
        64         26        236          0       1536        768   startup_stm32f103xb.o
       164         28          0         12          0       5557   stm32f1xx_hal.o
       198         14          0          0          0      28699   stm32f1xx_hal_cortex.o
       222          4          0          0          0       1639   stm32f1xx_hal_dma.o
       500         34          0          0          0       3343   stm32f1xx_hal_gpio.o
       392         16          0          0          0       3123   stm32f1xx_hal_i2c.o
        60          8          0          0          0        790   stm32f1xx_hal_msp.o
      1240         84         18          0          0       4852   stm32f1xx_hal_rcc.o
      2042         56          0          0          0      16475   stm32f1xx_hal_tim.o
       192         12          0          0          0       2973   stm32f1xx_hal_tim_ex.o
      1564         10          0          0          0      10904   stm32f1xx_hal_uart.o
        44         12          0          0          0       4260   stm32f1xx_it.o
         2          0         24          4          0        987   system_stm32f1xx.o
       194         14          0          0          0       1489   tb6612.o
       812         84          0          0        288       5059   tim.o
       320         36          0          0        144       2155   usart.o

    ----------------------------------------------------------------------
     20894       1446      11150        200       3544     630817   Object Totals
         0          0         32          0          0          0   (incl. Generated)
        28          0          3          3          3          0   (incl. Padding)

    ----------------------------------------------------------------------

      Code (inc. data)   RO Data    RW Data    ZI Data      Debug   Library Member Name

         8          0          0          0          0         68   __main.o
       104          0          0          0          0         84   __printf.o
         0          0          0          0          0          0   __rtentry.o
        12          0          0          0          0          0   __rtentry2.o
         6          0          0          0          0          0   __rtentry4.o
        52          8          0          0          0          0   __scatter.o
        26          0          0          0          0          0   __scatter_copy.o
        28          0          0          0          0          0   __scatter_zi.o
        48          6          0          0          0         96   _printf_char_common.o
         6          0          0          0          0          0   _printf_d.o
       120         16          0          0          0         92   _printf_dec.o
       178          0          0          0          0         88   _printf_intcommon.o
         0          0          0          0          0          0   _printf_percent.o
         4          0          0          0          0          0   _printf_percent_end.o
        22          0          0          0          0        100   _rserrno.o
        10          0          0          0          0         68   _sputc.o
        16          0          0          0          0         68   aeabi_memset.o
        18          0          0          0          0         80   exit.o
         6          0          0          0          0        152   heapauxi.o
         0          0          0          0          0          0   indicate_semi.o
         2          0          0          0          0          0   libinit.o
         2          0          0          0          0          0   libinit2.o
         2          0          0          0          0          0   libshutdown.o
         2          0          0          0          0          0   libshutdown2.o
         8          4          0          0         96         68   libspace.o
        72          0          0          0          0         76   llsdiv.o
       238          0          0          0          0        100   lludivv7m.o
        88          0          0          0          0         76   memcmp.o
        40          6          0          0          0         84   noretval__2sprintf.o
         8          4          0          0          0         68   rt_errno_addr_intlibspace.o
        68          0          0          0          0         68   rt_memclr.o
        78          0          0          0          0         80   rt_memclr_w.o
         2          0          0          0          0          0   rtexit.o
        10          0          0          0          0          0   rtexit2.o
        36          0          0          0          0         80   strstr.o
        12          4          0          0          0         68   sys_exit.o
        74          0          0          0          0         80   sys_stackheap_outer.o
         2          0          0          0          0         68   use_no_semi.o
        98          4          0          0          0         92   d2f.o
       826         16          0          0          0        348   daddsub_clz.o
        16          4          0          0          0         68   dcheck1.o
        24          0          0          0          0         68   dcmpi.o
       688        140          0          0          0        208   ddiv.o
       120          4          0          0          0         92   deqf.o
       340         12          0          0          0        104   dmul.o
       156          4          0          0          0         92   dnaninf.o
        12          0          0          0          0         68   dretinf.o
       460         56          0          0          0        120   dsqrt_noumaal.o
        86          4          0          0          0         84   f2d.o
       450          8          0          0          0        236   faddsub_clz.o
        12          4          0          0          0         68   fcheck1.o
       388         76          0          0          0         96   fdiv.o
        54          4          0          0          0         84   ffix.o
        62          4          0          0          0         84   ffixu.o
        86          0          0          0          0        136   fflt_clz.o
       258          4          0          0          0         84   fmul.o
       140          4          0          0          0         84   fnaninf.o
        10          0          0          0          0         68   fretinf.o
       100          0          0          0          0         68   retnan.o
        92          0          0          0          0         68   scalbn.o
        76          0          0          0          0         68   scalbnf.o
        48          0          0          0          0         68   trapv.o
         0          0          0          0          0          0   usenofp.o
       624         52         80          0          0        168   asin.o
       544         70        152          0          0        124   atan.o
       412         38          0          0          0        144   atan2.o
        38          6          0          0          0        272   dunder.o
        40          0          0          0          0         68   fpclassify.o
       170          0          0          0          0         96   poly.o
         0          0          8          0          0          0   qnan.o
        76          0          0          0          0         84   sqrt.o

    ----------------------------------------------------------------------
      7932        562        240          0         96       5324   Library Totals
        18          0          0          0          0          0   (incl. Padding)

    ----------------------------------------------------------------------

      Code (inc. data)   RO Data    RW Data    ZI Data      Debug   Library Name

      1408         48          0          0         96       1812   c_w.l
      4602        348          0          0          0       2556   fz_ws.l
      1904        166        240          0          0        956   m_ws.l

    ----------------------------------------------------------------------
      7932        562        240          0         96       5324   Library Totals

    ----------------------------------------------------------------------

==============================================================================


      Code (inc. data)   RO Data    RW Data    ZI Data      Debug   

     28826       2008      11390        200       3640     623813   Grand Totals
     28826       2008      11390        200       3640     623813   ELF Image Totals
     28826       2008      11390        200          0          0   ROM Totals

==============================================================================

    Total RO  Size (Code + RO Data)                40216 (  39.27kB)
    Total RW  Size (RW Data + ZI Data)              3840 (   3.75kB)
    Total ROM Size (Code + RO Data + RW Data)      40416 (  39.47kB)

==============================================================================

